Component: ARM Compiler 5.05 update 1 (build 106) Tool: armlink [4d0efa]

==============================================================================

Section Cross References

    startup_stm32f427xx.o(RESET) refers to startup_stm32f427xx.o(STACK) for __initial_sp
    startup_stm32f427xx.o(RESET) refers to startup_stm32f427xx.o(.text) for Reset_Handler
    startup_stm32f427xx.o(RESET) refers to stm32f4xx_it.o(i.NMI_Handler) for NMI_Handler
    startup_stm32f427xx.o(RESET) refers to stm32f4xx_it.o(i.HardFault_Handler) for HardFault_Handler
    startup_stm32f427xx.o(RESET) refers to stm32f4xx_it.o(i.MemManage_Handler) for MemManage_Handler
    startup_stm32f427xx.o(RESET) refers to stm32f4xx_it.o(i.BusFault_Handler) for BusFault_Handler
    startup_stm32f427xx.o(RESET) refers to stm32f4xx_it.o(i.UsageFault_Handler) for UsageFault_Handler
    startup_stm32f427xx.o(RESET) refers to stm32f4xx_it.o(i.SVC_Handler) for SVC_Handler
    startup_stm32f427xx.o(RESET) refers to stm32f4xx_it.o(i.DebugMon_Handler) for DebugMon_Handler
    startup_stm32f427xx.o(RESET) refers to stm32f4xx_it.o(i.PendSV_Handler) for PendSV_Handler
    startup_stm32f427xx.o(RESET) refers to stm32f4xx_it.o(i.SysTick_Handler) for SysTick_Handler
    startup_stm32f427xx.o(RESET) refers to stm32f4xx_it.o(i.EXTI1_IRQHandler) for EXTI1_IRQHandler
    startup_stm32f427xx.o(RESET) refers to stm32f4xx_it.o(i.CAN1_TX_IRQHandler) for CAN1_TX_IRQHandler
    startup_stm32f427xx.o(RESET) refers to stm32f4xx_it.o(i.CAN1_RX0_IRQHandler) for CAN1_RX0_IRQHandler
    startup_stm32f427xx.o(RESET) refers to stm32f4xx_it.o(i.USART1_IRQHandler) for USART1_IRQHandler
    startup_stm32f427xx.o(RESET) refers to stm32f4xx_it.o(i.USART2_IRQHandler) for USART2_IRQHandler
    startup_stm32f427xx.o(RESET) refers to stm32f4xx_it.o(i.USART3_IRQHandler) for USART3_IRQHandler
    startup_stm32f427xx.o(RESET) refers to stm32f4xx_it.o(i.TIM6_DAC_IRQHandler) for TIM6_DAC_IRQHandler
    startup_stm32f427xx.o(RESET) refers to stm32f4xx_it.o(i.DMA2_Stream2_IRQHandler) for DMA2_Stream2_IRQHandler
    startup_stm32f427xx.o(RESET) refers to stm32f4xx_it.o(i.CAN2_TX_IRQHandler) for CAN2_TX_IRQHandler
    startup_stm32f427xx.o(RESET) refers to stm32f4xx_it.o(i.CAN2_RX0_IRQHandler) for CAN2_RX0_IRQHandler
    startup_stm32f427xx.o(RESET) refers to stm32f4xx_it.o(i.OTG_FS_IRQHandler) for OTG_FS_IRQHandler
    startup_stm32f427xx.o(RESET) refers to stm32f4xx_it.o(i.USART6_IRQHandler) for USART6_IRQHandler
    startup_stm32f427xx.o(.text) refers to system_stm32f4xx.o(i.SystemInit) for SystemInit
    startup_stm32f427xx.o(.text) refers to entry.o(.ARM.Collect$$$$00000000) for __main
    stm32f4xx_hal_pcd.o(i.HAL_PCD_DeInit) refers to stm32f4xx_hal_pcd.o(i.HAL_PCD_Stop) for HAL_PCD_Stop
    stm32f4xx_hal_pcd.o(i.HAL_PCD_DeInit) refers to usbd_conf.o(i.HAL_PCD_MspDeInit) for HAL_PCD_MspDeInit
    stm32f4xx_hal_pcd.o(i.HAL_PCD_DevConnect) refers to stm32f4xx_ll_usb.o(i.USB_DevConnect) for USB_DevConnect
    stm32f4xx_hal_pcd.o(i.HAL_PCD_DevDisconnect) refers to stm32f4xx_ll_usb.o(i.USB_DevDisconnect) for USB_DevDisconnect
    stm32f4xx_hal_pcd.o(i.HAL_PCD_EP_Close) refers to stm32f4xx_ll_usb.o(i.USB_DeactivateEndpoint) for USB_DeactivateEndpoint
    stm32f4xx_hal_pcd.o(i.HAL_PCD_EP_ClrStall) refers to stm32f4xx_ll_usb.o(i.USB_EPClearStall) for USB_EPClearStall
    stm32f4xx_hal_pcd.o(i.HAL_PCD_EP_Flush) refers to stm32f4xx_ll_usb.o(i.USB_FlushTxFifo) for USB_FlushTxFifo
    stm32f4xx_hal_pcd.o(i.HAL_PCD_EP_Flush) refers to stm32f4xx_ll_usb.o(i.USB_FlushRxFifo) for USB_FlushRxFifo
    stm32f4xx_hal_pcd.o(i.HAL_PCD_EP_Open) refers to stm32f4xx_ll_usb.o(i.USB_ActivateEndpoint) for USB_ActivateEndpoint
    stm32f4xx_hal_pcd.o(i.HAL_PCD_EP_Receive) refers to stm32f4xx_ll_usb.o(i.USB_EPStartXfer) for USB_EPStartXfer
    stm32f4xx_hal_pcd.o(i.HAL_PCD_EP_Receive) refers to stm32f4xx_ll_usb.o(i.USB_EP0StartXfer) for USB_EP0StartXfer
    stm32f4xx_hal_pcd.o(i.HAL_PCD_EP_SetStall) refers to stm32f4xx_ll_usb.o(i.USB_EPSetStall) for USB_EPSetStall
    stm32f4xx_hal_pcd.o(i.HAL_PCD_EP_SetStall) refers to stm32f4xx_ll_usb.o(i.USB_EP0_OutStart) for USB_EP0_OutStart
    stm32f4xx_hal_pcd.o(i.HAL_PCD_EP_Transmit) refers to stm32f4xx_ll_usb.o(i.USB_EPStartXfer) for USB_EPStartXfer
    stm32f4xx_hal_pcd.o(i.HAL_PCD_EP_Transmit) refers to stm32f4xx_ll_usb.o(i.USB_EP0StartXfer) for USB_EP0StartXfer
    stm32f4xx_hal_pcd.o(i.HAL_PCD_IRQHandler) refers to stm32f4xx_ll_usb.o(i.USB_GetMode) for USB_GetMode
    stm32f4xx_hal_pcd.o(i.HAL_PCD_IRQHandler) refers to stm32f4xx_ll_usb.o(i.USB_ReadInterrupts) for USB_ReadInterrupts
    stm32f4xx_hal_pcd.o(i.HAL_PCD_IRQHandler) refers to stm32f4xx_ll_usb.o(i.USB_ReadDevAllOutEpInterrupt) for USB_ReadDevAllOutEpInterrupt
    stm32f4xx_hal_pcd.o(i.HAL_PCD_IRQHandler) refers to stm32f4xx_ll_usb.o(i.USB_ReadDevOutEPInterrupt) for USB_ReadDevOutEPInterrupt
[...]
    _printf_f                                0x00000000   Number         0  stubs.o ABSOLUTE
    _printf_flags                            0x00000000   Number         0  stubs.o ABSOLUTE
    _printf_fp_dec                           0x00000000   Number         0  stubs.o ABSOLUTE
    _printf_fp_hex                           0x00000000   Number         0  stubs.o ABSOLUTE
    _printf_g                                0x00000000   Number         0  stubs.o ABSOLUTE
    _printf_i                                0x00000000   Number         0  stubs.o ABSOLUTE
    _printf_int_dec                          0x00000000   Number         0  stubs.o ABSOLUTE
    _printf_l                                0x00000000   Number         0  stubs.o ABSOLUTE
    _printf_lc                               0x00000000   Number         0  stubs.o ABSOLUTE
    _printf_ll                               0x00000000   Number         0  stubs.o ABSOLUTE
    _printf_lld                              0x00000000   Number         0  stubs.o ABSOLUTE
    _printf_lli                              0x00000000   Number         0  stubs.o ABSOLUTE
    _printf_llo                              0x00000000   Number         0  stubs.o ABSOLUTE
    _printf_llu                              0x00000000   Number         0  stubs.o ABSOLUTE
    _printf_llx                              0x00000000   Number         0  stubs.o ABSOLUTE
    _printf_longlong_dec                     0x00000000   Number         0  stubs.o ABSOLUTE
    _printf_longlong_hex                     0x00000000   Number         0  stubs.o ABSOLUTE
    _printf_longlong_oct                     0x00000000   Number         0  stubs.o ABSOLUTE
    _printf_ls                               0x00000000   Number         0  stubs.o ABSOLUTE
    _printf_mbtowc                           0x00000000   Number         0  stubs.o ABSOLUTE
    _printf_n                                0x00000000   Number         0  stubs.o ABSOLUTE
    _printf_o                                0x00000000   Number         0  stubs.o ABSOLUTE
    _printf_p                                0x00000000   Number         0  stubs.o ABSOLUTE
    _printf_percent                          0x00000000   Number         0  stubs.o ABSOLUTE
    _printf_pre_padding                      0x00000000   Number         0  stubs.o ABSOLUTE
    _printf_return_value                     0x00000000   Number         0  stubs.o ABSOLUTE
    _printf_s                                0x00000000   Number         0  stubs.o ABSOLUTE
    _printf_sizespec                         0x00000000   Number         0  stubs.o ABSOLUTE
    _printf_str                              0x00000000   Number         0  stubs.o ABSOLUTE
    _printf_truncate_signed                  0x00000000   Number         0  stubs.o ABSOLUTE
    _printf_truncate_unsigned                0x00000000   Number         0  stubs.o ABSOLUTE
    _printf_u                                0x00000000   Number         0  stubs.o ABSOLUTE
    _printf_wc                               0x00000000   Number         0  stubs.o ABSOLUTE
    _printf_wctomb                           0x00000000   Number         0  stubs.o ABSOLUTE
    _printf_widthprec                        0x00000000   Number         0  stubs.o ABSOLUTE
    _printf_x                                0x00000000   Number         0  stubs.o ABSOLUTE
    __cpp_initialize__aeabi_                  - Undefined Weak Reference
    __cxa_finalize                            - Undefined Weak Reference
    _clock_init                               - Undefined Weak Reference
    _microlib_exit                            - Undefined Weak Reference
    __Vectors_Size                           0x000001ac   Number         0  startup_stm32f427xx.o ABSOLUTE
    __Vectors                                0x08000000   Data           4  startup_stm32f427xx.o(RESET)
    __Vectors_End                            0x080001ac   Data           0  startup_stm32f427xx.o(RESET)
    __main                                   0x080001ad   Thumb Code     0  entry.o(.ARM.Collect$$$$00000000)
    _main_stk                                0x080001ad   Thumb Code     0  entry2.o(.ARM.Collect$$$$00000001)
    _main_scatterload                        0x080001b1   Thumb Code     0  entry5.o(.ARM.Collect$$$$00000004)
    __main_after_scatterload                 0x080001b5   Thumb Code     0  entry5.o(.ARM.Collect$$$$00000004)
    _main_clock                              0x080001b5   Thumb Code     0  entry7b.o(.ARM.Collect$$$$00000008)
    _main_cpp_init                           0x080001b5   Thumb Code     0  entry8b.o(.ARM.Collect$$$$0000000A)
    _main_init                               0x080001b5   Thumb Code     0  entry9a.o(.ARM.Collect$$$$0000000B)
    __rt_final_cpp                           0x080001bd   Thumb Code     0  entry10a.o(.ARM.Collect$$$$0000000D)
    __rt_final_exit                          0x080001bd   Thumb Code     0  entry11a.o(.ARM.Collect$$$$0000000F)
    Reset_Handler                            0x080001c1   Thumb Code     8  startup_stm32f427xx.o(.text)
    ADC_IRQHandler                           0x080001db   Thumb Code     0  startup_stm32f427xx.o(.text)
    CAN1_RX1_IRQHandler                      0x080001db   Thumb Code     0  startup_stm32f427xx.o(.text)
    CAN1_SCE_IRQHandler                      0x080001db   Thumb Code     0  startup_stm32f427xx.o(.text)
    CAN2_RX1_IRQHandler                      0x080001db   Thumb Code     0  startup_stm32f427xx.o(.text)
    CAN2_SCE_IRQHandler                      0x080001db   Thumb Code     0  startup_stm32f427xx.o(.text)
    DCMI_IRQHandler                          0x080001db   Thumb Code     0  startup_stm32f427xx.o(.text)
    DMA1_Stream0_IRQHandler                  0x080001db   Thumb Code     0  startup_stm32f427xx.o(.text)
    DMA1_Stream1_IRQHandler                  0x080001db   Thumb Code     0  startup_stm32f427xx.o(.text)
    DMA1_Stream2_IRQHandler                  0x080001db   Thumb Code     0  startup_stm32f427xx.o(.text)
    DMA1_Stream3_IRQHandler                  0x080001db   Thumb Code     0  startup_stm32f427xx.o(.text)
    DMA1_Stream4_IRQHandler                  0x080001db   Thumb Code     0  startup_stm32f427xx.o(.text)
    DMA1_Stream5_IRQHandler                  0x080001db   Thumb Code     0  startup_stm32f427xx.o(.text)
    DMA1_Stream6_IRQHandler                  0x080001db   Thumb Code     0  startup_stm32f427xx.o(.text)
    DMA1_Stream7_IRQHandler                  0x080001db   Thumb Code     0  startup_stm32f427xx.o(.text)
    DMA2D_IRQHandler                         0x080001db   Thumb Code     0  startup_stm32f427xx.o(.text)
    DMA2_Stream0_IRQHandler                  0x080001db   Thumb Code     0  startup_stm32f427xx.o(.text)
    DMA2_Stream1_IRQHandler                  0x080001db   Thumb Code     0  startup_stm32f427xx.o(.text)
    DMA2_Stream3_IRQHandler                  0x080001db   Thumb Code     0  startup_stm32f427xx.o(.text)
    DMA2_Stream4_IRQHandler                  0x080001db   Thumb Code     0  startup_stm32f427xx.o(.text)
    DMA2_Stream5_IRQHandler                  0x080001db   Thumb Code     0  startup_stm32f427xx.o(.text)
    DMA2_Stream6_IRQHandler                  0x080001db   Thumb Code     0  startup_stm32f427xx.o(.text)
    DMA2_Stream7_IRQHandler                  0x080001db   Thumb Code     0  startup_stm32f427xx.o(.text)
    ETH_IRQHandler                           0x080001db   Thumb Code     0  startup_stm32f427xx.o(.text)
    ETH_WKUP_IRQHandler                      0x080001db   Thumb Code     0  startup_stm32f427xx.o(.text)
    EXTI0_IRQHandler                         0x080001db   Thumb Code     0  startup_stm32f427xx.o(.text)
    EXTI15_10_IRQHandler                     0x080001db   Thumb Code     0  startup_stm32f427xx.o(.text)
    EXTI2_IRQHandler                         0x080001db   Thumb Code     0  startup_stm32f427xx.o(.text)
    EXTI3_IRQHandler                         0x080001db   Thumb Code     0  startup_stm32f427xx.o(.text)
    EXTI4_IRQHandler                         0x080001db   Thumb Code     0  startup_stm32f427xx.o(.text)
    EXTI9_5_IRQHandler                       0x080001db   Thumb Code     0  startup_stm32f427xx.o(.text)
    FLASH_IRQHandler                         0x080001db   Thumb Code     0  startup_stm32f427xx.o(.text)
    FMC_IRQHandler                           0x080001db   Thumb Code     0  startup_stm32f427xx.o(.text)
    FPU_IRQHandler                           0x080001db   Thumb Code     0  startup_stm32f427xx.o(.text)
    HASH_RNG_IRQHandler                      0x080001db   Thumb Code     0  startup_stm32f427xx.o(.text)
    I2C1_ER_IRQHandler                       0x080001db   Thumb Code     0  startup_stm32f427xx.o(.text)
    I2C1_EV_IRQHandler                       0x080001db   Thumb Code     0  startup_stm32f427xx.o(.text)
    I2C2_ER_IRQHandler                       0x080001db   Thumb Code     0  startup_stm32f427xx.o(.text)
    I2C2_EV_IRQHandler                       0x080001db   Thumb Code     0  startup_stm32f427xx.o(.text)
    I2C3_ER_IRQHandler                       0x080001db   Thumb Code     0  startup_stm32f427xx.o(.text)
    I2C3_EV_IRQHandler                       0x080001db   Thumb Code     0  startup_stm32f427xx.o(.text)
    OTG_FS_WKUP_IRQHandler                   0x080001db   Thumb Code     0  startup_stm32f427xx.o(.text)
    OTG_HS_EP1_IN_IRQHandler                 0x080001db   Thumb Code     0  startup_stm32f427xx.o(.text)
    OTG_HS_EP1_OUT_IRQHandler                0x080001db   Thumb Code     0  startup_stm32f427xx.o(.text)
    OTG_HS_IRQHandler                        0x080001db   Thumb Code     0  startup_stm32f427xx.o(.text)
    OTG_HS_WKUP_IRQHandler                   0x080001db   Thumb Code     0  startup_stm32f427xx.o(.text)
    PVD_IRQHandler                           0x080001db   Thumb Code     0  startup_stm32f427xx.o(.text)
    RCC_IRQHandler                           0x080001db   Thumb Code     0  startup_stm32f427xx.o(.text)
    RTC_Alarm_IRQHandler                     0x080001db   Thumb Code     0  startup_stm32f427xx.o(.text)
    RTC_WKUP_IRQHandler                      0x080001db   Thumb Code     0  startup_stm32f427xx.o(.text)
    SAI1_IRQHandler                          0x080001db   Thumb Code     0  startup_stm32f427xx.o(.text)
    SDIO_IRQHandler                          0x080001db   Thumb Code     0  startup_stm32f427xx.o(.text)
    SPI1_IRQHandler                          0x080001db   Thumb Code     0  startup_stm32f427xx.o(.text)
    SPI2_IRQHandler                          0x080001db   Thumb Code     0  startup_stm32f427xx.o(.text)
    SPI3_IRQHandler                          0x080001db   Thumb Code     0  startup_stm32f427xx.o(.text)
    SPI4_IRQHandler                          0x080001db   Thumb Code     0  startup_stm32f427xx.o(.text)
    SPI5_IRQHandler                          0x080001db   Thumb Code     0  startup_stm32f427xx.o(.text)
    SPI6_IRQHandler                          0x080001db   Thumb Code     0  startup_stm32f427xx.o(.text)
    TAMP_STAMP_IRQHandler                    0x080001db   Thumb Code     0  startup_stm32f427xx.o(.text)
    TIM1_BRK_TIM9_IRQHandler                 0x080001db   Thumb Code     0  startup_stm32f427xx.o(.text)
    TIM1_CC_IRQHandler                       0x080001db   Thumb Code     0  startup_stm32f427xx.o(.text)
    TIM1_TRG_COM_TIM11_IRQHandler            0x080001db   Thumb Code     0  startup_stm32f427xx.o(.text)
    TIM1_UP_TIM10_IRQHandler                 0x080001db   Thumb Code     0  startup_stm32f427xx.o(.text)
    TIM2_IRQHandler                          0x080001db   Thumb Code     0  startup_stm32f427xx.o(.text)
    TIM3_IRQHandler                          0x080001db   Thumb Code     0  startup_stm32f427xx.o(.text)
    TIM4_IRQHandler                          0x080001db   Thumb Code     0  startup_stm32f427xx.o(.text)
    TIM5_IRQHandler                          0x080001db   Thumb Code     0  startup_stm32f427xx.o(.text)
    TIM7_IRQHandler                          0x080001db   Thumb Code     0  startup_stm32f427xx.o(.text)
    TIM8_BRK_TIM12_IRQHandler                0x080001db   Thumb Code     0  startup_stm32f427xx.o(.text)
    TIM8_CC_IRQHandler                       0x080001db   Thumb Code     0  startup_stm32f427xx.o(.text)
    TIM8_TRG_COM_TIM14_IRQHandler            0x080001db   Thumb Code     0  startup_stm32f427xx.o(.text)
    TIM8_UP_TIM13_IRQHandler                 0x080001db   Thumb Code     0  startup_stm32f427xx.o(.text)
    UART4_IRQHandler                         0x080001db   Thumb Code     0  startup_stm32f427xx.o(.text)
    UART5_IRQHandler                         0x080001db   Thumb Code     0  startup_stm32f427xx.o(.text)
    UART7_IRQHandler                         0x080001db   Thumb Code     0  startup_stm32f427xx.o(.text)
    UART8_IRQHandler                         0x080001db   Thumb Code     0  startup_stm32f427xx.o(.text)
    WWDG_IRQHandler                          0x080001db   Thumb Code     0  startup_stm32f427xx.o(.text)
    __aeabi_memcpy                           0x080001e5   Thumb Code    36  memcpya.o(.text)
    __aeabi_memcpy4                          0x080001e5   Thumb Code     0  memcpya.o(.text)
    __aeabi_memcpy8                          0x080001e5   Thumb Code     0  memcpya.o(.text)
    __aeabi_dadd                             0x08000209   Thumb Code   322  dadd.o(.text)
    __aeabi_dsub                             0x0800034b   Thumb Code     6  dadd.o(.text)
    __aeabi_drsub                            0x08000351   Thumb Code     6  dadd.o(.text)
    __aeabi_dmul                             0x08000357   Thumb Code   228  dmul.o(.text)
    __aeabi_ddiv                             0x0800043b   Thumb Code   222  ddiv.o(.text)
    __aeabi_f2d                              0x08000519   Thumb Code    38  f2d.o(.text)
    __aeabi_d2f                              0x0800053f   Thumb Code    56  d2f.o(.text)
    __aeabi_uidiv                            0x08000577   Thumb Code     0  uidiv.o(.text)
    __aeabi_uidivmod                         0x08000577   Thumb Code    44  uidiv.o(.text)
    __aeabi_llsl                             0x080005a3   Thumb Code    30  llshl.o(.text)
    _ll_shift_l                              0x080005a3   Thumb Code     0  llshl.o(.text)
    __aeabi_lasr                             0x080005c1   Thumb Code    36  llsshr.o(.text)
    _ll_sshift_r                             0x080005c1   Thumb Code     0  llsshr.o(.text)
    __I$use$fp                               0x080005e5   Thumb Code     0  iusefp.o(.text)
    _float_round                             0x080005e5   Thumb Code    18  fepilogue.o(.text)
    _float_epilogue                          0x080005f7   Thumb Code    92  fepilogue.o(.text)
    _double_round                            0x08000653   Thumb Code    30  depilogue.o(.text)
    _double_epilogue                         0x08000671   Thumb Code   156  depilogue.o(.text)
    __scatterload                            0x0800070d   Thumb Code    28  init.o(.text)
    __scatterload_rt2                        0x0800070d   Thumb Code     0  init.o(.text)
    __aeabi_llsr                             0x08000731   Thumb Code    32  llushr.o(.text)
    _ll_ushift_r                             0x08000731   Thumb Code     0  llushr.o(.text)
    __decompress                             0x08000751   Thumb Code     0  __dczerorl2.o(.text)
    __decompress1                            0x08000751   Thumb Code    86  __dczerorl2.o(.text)
    BusFault_Handler                         0x080007a7   Thumb Code     2  stm32f4xx_it.o(i.BusFault_Handler)
    CAN1_RX0_IRQHandler                      0x080007a9   Thumb Code    18  stm32f4xx_it.o(i.CAN1_RX0_IRQHandler)
    CAN1_TX_IRQHandler                       0x080007c5   Thumb Code     6  stm32f4xx_it.o(i.CAN1_TX_IRQHandler)
    CAN2_RX0_IRQHandler                      0x080007d1   Thumb Code     6  stm32f4xx_it.o(i.CAN2_RX0_IRQHandler)
    CAN2_TX_IRQHandler                       0x080007dd   Thumb Code     6  stm32f4xx_it.o(i.CAN2_TX_IRQHandler)
    CAN_Send_Msg                             0x08000915   Thumb Code    74  test_can.o(i.CAN_Send_Msg)
    CanFilter_Init                           0x08000a05   Thumb Code    72  test_can.o(i.CanFilter_Init)
    Control                                  0x08000a59   Thumb Code   308  main.o(i.Control)
    DMA2_Stream2_IRQHandler                  0x08000b95   Thumb Code     6  stm32f4xx_it.o(i.DMA2_Stream2_IRQHandler)
    DebugMon_Handler                         0x08000c45   Thumb Code     2  stm32f4xx_it.o(i.DebugMon_Handler)
    EXTI1_IRQHandler                         0x08000c47   Thumb Code     6  stm32f4xx_it.o(i.EXTI1_IRQHandler)
    Error_Handler                            0x08000c4d   Thumb Code     2  main.o(i.Error_Handler)
    HAL_CAN_ConfigFilter                     0x08000c51   Thumb Code   218  stm32f4xx_hal_can.o(i.HAL_CAN_ConfigFilter)
    HAL_CAN_ErrorCallback                    0x08000d35   Thumb Code     2  stm32f4xx_hal_can.o(i.HAL_CAN_ErrorCallback)
    HAL_CAN_IRQHandler                       0x08000d39   Thumb Code   370  stm32f4xx_hal_can.o(i.HAL_CAN_IRQHandler)
    HAL_CAN_Init                             0x08000eb9   Thumb Code   328  stm32f4xx_hal_can.o(i.HAL_CAN_Init)
    HAL_CAN_MspInit                          0x08001001   Thumb Code   200  can.o(i.HAL_CAN_MspInit)
    HAL_CAN_Receive_IT                       0x080010e1   Thumb Code   134  stm32f4xx_hal_can.o(i.HAL_CAN_Receive_IT)
    HAL_CAN_RxCpltCallback                   0x08001169   Thumb Code    22  test_can.o(i.HAL_CAN_RxCpltCallback)
    HAL_CAN_Transmit                         0x08001189   Thumb Code   390  stm32f4xx_hal_can.o(i.HAL_CAN_Transmit)
    HAL_CAN_TxCpltCallback                   0x0800131d   Thumb Code     2  stm32f4xx_hal_can.o(i.HAL_CAN_TxCpltCallback)
    HAL_DMA_Abort                            0x0800131f   Thumb Code   142  stm32f4xx_hal_dma.o(i.HAL_DMA_Abort)
    HAL_DMA_Abort_IT                         0x080013ad   Thumb Code    36  stm32f4xx_hal_dma.o(i.HAL_DMA_Abort_IT)
    HAL_DMA_IRQHandler                       0x080013d1   Thumb Code   414  stm32f4xx_hal_dma.o(i.HAL_DMA_IRQHandler)
    HAL_DMA_Init                             0x08001579   Thumb Code   202  stm32f4xx_hal_dma.o(i.HAL_DMA_Init)
    HAL_DMA_Start_IT                         0x08001649   Thumb Code   120  stm32f4xx_hal_dma.o(i.HAL_DMA_Start_IT)
    HAL_Delay                                0x080016c1   Thumb Code    22  stm32f4xx_hal.o(i.HAL_Delay)
    HAL_GPIO_EXTI_Callback                   0x080016d7   Thumb Code     2  stm32f4xx_hal_gpio.o(i.HAL_GPIO_EXTI_Callback)
    HAL_GPIO_EXTI_IRQHandler                 0x080016d9   Thumb Code    18  stm32f4xx_hal_gpio.o(i.HAL_GPIO_EXTI_IRQHandler)
    HAL_GPIO_Init                            0x080016f1   Thumb Code   408  stm32f4xx_hal_gpio.o(i.HAL_GPIO_Init)
    HAL_GPIO_WritePin                        0x080018bd   Thumb Code    10  stm32f4xx_hal_gpio.o(i.HAL_GPIO_WritePin)
    HAL_GetTick                              0x080018c9   Thumb Code     6  stm32f4xx_hal.o(i.HAL_GetTick)
    HAL_IncTick                              0x080018d5   Thumb Code    10  stm32f4xx_hal.o(i.HAL_IncTick)
    HAL_Init                                 0x080018e5   Thumb Code    48  stm32f4xx_hal.o(i.HAL_Init)
    HAL_InitTick                             0x08001919   Thumb Code    34  stm32f4xx_hal.o(i.HAL_InitTick)
    HAL_MspInit                              0x08001941   Thumb Code    88  stm32f4xx_hal_msp.o(i.HAL_MspInit)
    HAL_MultiProcessor_Init                  0x08001999   Thumb Code   142  stm32f4xx_hal_uart.o(i.HAL_MultiProcessor_Init)
    HAL_NVIC_EnableIRQ                       0x08001a27   Thumb Code    22  stm32f4xx_hal_cortex.o(i.HAL_NVIC_EnableIRQ)
    HAL_NVIC_SetPriority                     0x08001a3d   Thumb Code    60  stm32f4xx_hal_cortex.o(i.HAL_NVIC_SetPriority)
    HAL_NVIC_SetPriorityGrouping             0x08001a7d   Thumb Code    26  stm32f4xx_hal_cortex.o(i.HAL_NVIC_SetPriorityGrouping)
    HAL_PCDEx_SetRxFiFo                      0x08001aa1   Thumb Code     8  stm32f4xx_hal_pcd_ex.o(i.HAL_PCDEx_SetRxFiFo)
    HAL_PCDEx_SetTxFiFo                      0x08001aa9   Thumb Code    68  stm32f4xx_hal_pcd_ex.o(i.HAL_PCDEx_SetTxFiFo)
    HAL_PCD_ConnectCallback                  0x08001aed   Thumb Code     8  usbd_conf.o(i.HAL_PCD_ConnectCallback)
    HAL_PCD_DataInStageCallback              0x08001af5   Thumb Code    18  usbd_conf.o(i.HAL_PCD_DataInStageCallback)
    HAL_PCD_DataOutStageCallback             0x08001b07   Thumb Code    20  usbd_conf.o(i.HAL_PCD_DataOutStageCallback)
    HAL_PCD_DisconnectCallback               0x08001b1b   Thumb Code     8  usbd_conf.o(i.HAL_PCD_DisconnectCallback)
    HAL_PCD_EP_Close                         0x08001b23   Thumb Code    68  stm32f4xx_hal_pcd.o(i.HAL_PCD_EP_Close)
    HAL_PCD_EP_ClrStall                      0x08001b67   Thumb Code    80  stm32f4xx_hal_pcd.o(i.HAL_PCD_EP_ClrStall)
    HAL_PCD_EP_GetRxCount                    0x08001bb7   Thumb Code    20  stm32f4xx_hal_pcd.o(i.HAL_PCD_EP_GetRxCount)
    HAL_PCD_EP_Open                          0x08001bcb   Thumb Code    84  stm32f4xx_hal_pcd.o(i.HAL_PCD_EP_Open)
    HAL_PCD_EP_Receive                       0x08001c21   Thumb Code    94  stm32f4xx_hal_pcd.o(i.HAL_PCD_EP_Receive)
    HAL_PCD_EP_SetStall                      0x08001c7f   Thumb Code    96  stm32f4xx_hal_pcd.o(i.HAL_PCD_EP_SetStall)
    HAL_PCD_EP_Transmit                      0x08001cdf   Thumb Code    86  stm32f4xx_hal_pcd.o(i.HAL_PCD_EP_Transmit)
    HAL_PCD_IRQHandler                       0x08001d35   Thumb Code  1196  stm32f4xx_hal_pcd.o(i.HAL_PCD_IRQHandler)
    HAL_PCD_ISOINIncompleteCallback          0x08002229   Thumb Code     8  usbd_conf.o(i.HAL_PCD_ISOINIncompleteCallback)
    HAL_PCD_ISOOUTIncompleteCallback         0x08002231   Thumb Code     8  usbd_conf.o(i.HAL_PCD_ISOOUTIncompleteCallback)
    HAL_PCD_Init                             0x08002239   Thumb Code   190  stm32f4xx_hal_pcd.o(i.HAL_PCD_Init)
    HAL_PCD_MspInit                          0x080022f9   Thumb Code   116  usbd_conf.o(i.HAL_PCD_MspInit)
    HAL_PCD_ResetCallback                    0x08002375   Thumb Code    32  usbd_conf.o(i.HAL_PCD_ResetCallback)
    HAL_PCD_ResumeCallback                   0x08002395   Thumb Code     8  usbd_conf.o(i.HAL_PCD_ResumeCallback)
    HAL_PCD_SOFCallback                      0x0800239d   Thumb Code     8  usbd_conf.o(i.HAL_PCD_SOFCallback)
    HAL_PCD_SetAddress                       0x080023a5   Thumb Code    36  stm32f4xx_hal_pcd.o(i.HAL_PCD_SetAddress)
    HAL_PCD_SetupStageCallback               0x080023c9   Thumb Code    14  usbd_conf.o(i.HAL_PCD_SetupStageCallback)
    HAL_PCD_Start                            0x080023d7   Thumb Code    42  stm32f4xx_hal_pcd.o(i.HAL_PCD_Start)
    HAL_PCD_SuspendCallback                  0x08002401   Thumb Code    44  usbd_conf.o(i.HAL_PCD_SuspendCallback)
    HAL_RCC_ClockConfig                      0x08002431   Thumb Code   364  stm32f4xx_hal_rcc.o(i.HAL_RCC_ClockConfig)
    HAL_RCC_GetHCLKFreq                      0x080025ad   Thumb Code     6  stm32f4xx_hal_rcc.o(i.HAL_RCC_GetHCLKFreq)
    HAL_RCC_GetPCLK1Freq                     0x080025b9   Thumb Code    34  stm32f4xx_hal_rcc.o(i.HAL_RCC_GetPCLK1Freq)
    HAL_RCC_GetPCLK2Freq                     0x080025e9   Thumb Code    34  stm32f4xx_hal_rcc.o(i.HAL_RCC_GetPCLK2Freq)
    HAL_RCC_GetSysClockFreq                  0x08002619   Thumb Code   104  stm32f4xx_hal_rcc.o(i.HAL_RCC_GetSysClockFreq)
    HAL_RCC_OscConfig                        0x0800268d   Thumb Code   722  stm32f4xx_hal_rcc.o(i.HAL_RCC_OscConfig)
    HAL_SPI_Init                             0x08002971   Thumb Code   128  stm32f4xx_hal_spi.o(i.HAL_SPI_Init)
    HAL_SPI_MspInit                          0x080029f1   Thumb Code    64  spi.o(i.HAL_SPI_MspInit)
    HAL_SPI_TransmitReceive                  0x08002a3d   Thumb Code   472  stm32f4xx_hal_spi.o(i.HAL_SPI_TransmitReceive)
    HAL_SYSTICK_CLKSourceConfig              0x08002c15   Thumb Code    24  stm32f4xx_hal_cortex.o(i.HAL_SYSTICK_CLKSourceConfig)
    HAL_SYSTICK_Callback                     0x08002c2d   Thumb Code     2  stm32f4xx_hal_cortex.o(i.HAL_SYSTICK_Callback)
    HAL_SYSTICK_Config                       0x08002c2f   Thumb Code    40  stm32f4xx_hal_cortex.o(i.HAL_SYSTICK_Config)
    HAL_SYSTICK_IRQHandler                   0x08002c57   Thumb Code     8  stm32f4xx_hal_cortex.o(i.HAL_SYSTICK_IRQHandler)
    HAL_TIMEx_BreakCallback                  0x08002c5f   Thumb Code     2  stm32f4xx_hal_tim_ex.o(i.HAL_TIMEx_BreakCallback)
    HAL_TIMEx_CommutationCallback            0x08002c61   Thumb Code     2  stm32f4xx_hal_tim_ex.o(i.HAL_TIMEx_CommutationCallback)
    HAL_TIMEx_ConfigBreakDeadTime            0x08002c63   Thumb Code    66  stm32f4xx_hal_tim_ex.o(i.HAL_TIMEx_ConfigBreakDeadTime)
    HAL_TIMEx_MasterConfigSynchronization    0x08002ca5   Thumb Code    80  stm32f4xx_hal_tim_ex.o(i.HAL_TIMEx_MasterConfigSynchronization)
    HAL_TIM_Base_Init                        0x08002cf5   Thumb Code    54  stm32f4xx_hal_tim.o(i.HAL_TIM_Base_Init)
    HAL_TIM_Base_MspInit                     0x08002d2d   Thumb Code   172  tim.o(i.HAL_TIM_Base_MspInit)
    HAL_TIM_Base_Start_IT                    0x08002df5   Thumb Code    24  stm32f4xx_hal_tim.o(i.HAL_TIM_Base_Start_IT)
    HAL_TIM_ConfigClockSource                0x08002e0d   Thumb Code   242  stm32f4xx_hal_tim.o(i.HAL_TIM_ConfigClockSource)
    HAL_TIM_IC_CaptureCallback               0x08002eff   Thumb Code     2  stm32f4xx_hal_tim.o(i.HAL_TIM_IC_CaptureCallback)
    HAL_TIM_IRQHandler                       0x08002f01   Thumb Code   358  stm32f4xx_hal_tim.o(i.HAL_TIM_IRQHandler)
    HAL_TIM_MspPostInit                      0x08003069   Thumb Code   188  tim.o(i.HAL_TIM_MspPostInit)
    HAL_TIM_OC_DelayElapsedCallback          0x0800314d   Thumb Code     2  stm32f4xx_hal_tim.o(i.HAL_TIM_OC_DelayElapsedCallback)
    HAL_TIM_PWM_ConfigChannel                0x0800314f   Thumb Code   208  stm32f4xx_hal_tim.o(i.HAL_TIM_PWM_ConfigChannel)
    HAL_TIM_PWM_Init                         0x0800321f   Thumb Code    54  stm32f4xx_hal_tim.o(i.HAL_TIM_PWM_Init)
    HAL_TIM_PWM_MspInit                      0x08003255   Thumb Code     2  stm32f4xx_hal_tim.o(i.HAL_TIM_PWM_MspInit)
    HAL_TIM_PWM_PulseFinishedCallback        0x08003257   Thumb Code     2  stm32f4xx_hal_tim.o(i.HAL_TIM_PWM_PulseFinishedCallback)
    HAL_TIM_PWM_Start                        0x08003259   Thumb Code    48  stm32f4xx_hal_tim.o(i.HAL_TIM_PWM_Start)
    HAL_TIM_PeriodElapsedCallback            0x08003291   Thumb Code     2  stm32f4xx_hal_tim.o(i.HAL_TIM_PeriodElapsedCallback)
    HAL_TIM_TriggerCallback                  0x08003293   Thumb Code     2  stm32f4xx_hal_tim.o(i.HAL_TIM_TriggerCallback)
    HAL_UART_DMAStop                         0x08003295   Thumb Code    88  stm32f4xx_hal_uart.o(i.HAL_UART_DMAStop)
    HAL_UART_ErrorCallback                   0x080032ed   Thumb Code     2  stm32f4xx_hal_uart.o(i.HAL_UART_ErrorCallback)
    HAL_UART_IRQHandler                      0x080032f1   Thumb Code   266  stm32f4xx_hal_uart.o(i.HAL_UART_IRQHandler)
    HAL_UART_MspInit                         0x08003401   Thumb Code   282  usart.o(i.HAL_UART_MspInit)
    HAL_UART_Receive_DMA                     0x08003545   Thumb Code   132  stm32f4xx_hal_uart.o(i.HAL_UART_Receive_DMA)
    HAL_UART_Receive_IT                      0x080035d5   Thumb Code    72  stm32f4xx_hal_uart.o(i.HAL_UART_Receive_IT)
    HAL_UART_RxCpltCallback                  0x0800361d   Thumb Code    70  test_uart.o(i.HAL_UART_RxCpltCallback)
    HAL_UART_RxHalfCpltCallback              0x08003671   Thumb Code     2  stm32f4xx_hal_uart.o(i.HAL_UART_RxHalfCpltCallback)
    HAL_UART_Transmit                        0x08003673   Thumb Code   186  stm32f4xx_hal_uart.o(i.HAL_UART_Transmit)
    HAL_UART_TxCpltCallback                  0x0800372d   Thumb Code     2  stm32f4xx_hal_uart.o(i.HAL_UART_TxCpltCallback)
    HardFault_Handler                        0x0800372f   Thumb Code     2  stm32f4xx_it.o(i.HardFault_Handler)
    KalmanFitter                             0x08003731   Thumb Code   214  main.o(i.KalmanFitter)
    MPU6500_Init                             0x0800382d   Thumb Code    70  test_imu.o(i.MPU6500_Init)
    MPU6500_Read_Reg                         0x0800387d   Thumb Code    68  test_imu.o(i.MPU6500_Read_Reg)
    MPU6500_Write_Reg                        0x080038cd   Thumb Code    72  test_imu.o(i.MPU6500_Write_Reg)
    MX_CAN1_Init                             0x08003921   Thumb Code    62  can.o(i.MX_CAN1_Init)
    MX_CAN2_Init                             0x08003969   Thumb Code    62  can.o(i.MX_CAN2_Init)
    MX_DMA_Init                              0x080039b1   Thumb Code    40  dma.o(i.MX_DMA_Init)
    MX_GPIO_Init                             0x080039dd   Thumb Code   316  gpio.o(i.MX_GPIO_Init)
    MX_SPI5_Init                             0x08003b31   Thumb Code    62  spi.o(i.MX_SPI5_Init)
    MX_TIM12_Init                            0x08003b79   Thumb Code   126  tim.o(i.MX_TIM12_Init)
    MX_TIM2_Init                             0x08003c01   Thumb Code   166  tim.o(i.MX_TIM2_Init)
    MX_TIM3_Init                             0x08003cad   Thumb Code   118  tim.o(i.MX_TIM3_Init)
    MX_TIM4_Init                             0x08003d2d   Thumb Code   164  tim.o(i.MX_TIM4_Init)
    MX_TIM5_Init                             0x08003dd9   Thumb Code   164  tim.o(i.MX_TIM5_Init)
    MX_TIM6_Init                             0x08003e85   Thumb Code    54  tim.o(i.MX_TIM6_Init)
    MX_TIM8_Init                             0x08003ec5   Thumb Code   206  tim.o(i.MX_TIM8_Init)
    MX_USART1_UART_Init                      0x08003f9d   Thumb Code    52  usart.o(i.MX_USART1_UART_Init)
    MX_USART2_UART_Init                      0x08003fdd   Thumb Code    50  usart.o(i.MX_USART2_UART_Init)
    MX_USART3_UART_Init                      0x08004019   Thumb Code    50  usart.o(i.MX_USART3_UART_Init)
    MX_USART6_UART_Init                      0x08004055   Thumb Code    50  usart.o(i.MX_USART6_UART_Init)
    MX_USB_DEVICE_Init                       0x08004091   Thumb Code    38  usb_device.o(i.MX_USB_DEVICE_Init)
    MemManage_Handler                        0x080040c9   Thumb Code     2  stm32f4xx_it.o(i.MemManage_Handler)
    Message_buffer                           0x080040cd   Thumb Code   176  test_can.o(i.Message_buffer)
    NMI_Handler                              0x08004181   Thumb Code     2  stm32f4xx_it.o(i.NMI_Handler)
    OTG_FS_IRQHandler                        0x080041a5   Thumb Code     6  stm32f4xx_it.o(i.OTG_FS_IRQHandler)
    PendSV_Handler                           0x08004239   Thumb Code     2  stm32f4xx_it.o(i.PendSV_Handler)
    PitchPID                                 0x0800423d   Thumb Code   394  main.o(i.PitchPID)
    ReadControl                              0x080043e1   Thumb Code   192  main.o(i.ReadControl)
    ReadEncode                               0x080044ad   Thumb Code    86  main.o(i.ReadEncode)
    SVC_Handler                              0x080045cf   Thumb Code     2  stm32f4xx_it.o(i.SVC_Handler)
    SpeedPID                                 0x080045d1   Thumb Code    92  main.o(i.SpeedPID)
    SysTick_Handler                          0x08004645   Thumb Code    14  stm32f4xx_it.o(i.SysTick_Handler)
    SystemClock_Config                       0x08004655   Thumb Code   150  main.o(i.SystemClock_Config)
    SystemInit                               0x080046f5   Thumb Code    66  system_stm32f4xx.o(i.SystemInit)
    TIM6_DAC_IRQHandler                      0x08004749   Thumb Code   200  stm32f4xx_it.o(i.TIM6_DAC_IRQHandler)
    TIM_Base_SetConfig                       0x08004851   Thumb Code   148  stm32f4xx_hal_tim.o(i.TIM_Base_SetConfig)
    TIM_CCxChannelCmd                        0x08004911   Thumb Code    22  stm32f4xx_hal_tim.o(i.TIM_CCxChannelCmd)
    TIM_OC2_SetConfig                        0x080049a5   Thumb Code    90  stm32f4xx_hal_tim.o(i.TIM_OC2_SetConfig)
    USART1_IRQHandler                        0x08004fcd   Thumb Code    54  stm32f4xx_it.o(i.USART1_IRQHandler)
    USART2_IRQHandler                        0x08005015   Thumb Code     6  stm32f4xx_it.o(i.USART2_IRQHandler)
    USART3_IRQHandler                        0x08005021   Thumb Code     6  stm32f4xx_it.o(i.USART3_IRQHandler)
    USART6_IRQHandler                        0x0800502d   Thumb Code     6  stm32f4xx_it.o(i.USART6_IRQHandler)
    USBD_CDC_GetDeviceQualifierDescriptor    0x080050dd   Thumb Code     8  usbd_cdc.o(i.USBD_CDC_GetDeviceQualifierDescriptor)
    USBD_CDC_ReceivePacket                   0x08005195   Thumb Code    40  usbd_cdc.o(i.USBD_CDC_ReceivePacket)
    USBD_CDC_RegisterInterface               0x080051bd   Thumb Code    16  usbd_cdc.o(i.USBD_CDC_RegisterInterface)
    USBD_CDC_SetRxBuffer                     0x080051cd   Thumb Code    12  usbd_cdc.o(i.USBD_CDC_SetRxBuffer)
    USBD_CDC_SetTxBuffer                     0x080051d9   Thumb Code    16  usbd_cdc.o(i.USBD_CDC_SetTxBuffer)
    USBD_ClrClassConfig                      0x08005259   Thumb Code    14  usbd_core.o(i.USBD_ClrClassConfig)
    USBD_CtlContinueRx                       0x08005267   Thumb Code    16  usbd_ioreq.o(i.USBD_CtlContinueRx)
    USBD_CtlContinueSendData                 0x08005277   Thumb Code    16  usbd_ioreq.o(i.USBD_CtlContinueSendData)
    USBD_CtlError                            0x08005287   Thumb Code    22  usbd_ctlreq.o(i.USBD_CtlError)
    USBD_CtlPrepareRx                        0x0800529d   Thumb Code    30  usbd_ioreq.o(i.USBD_CtlPrepareRx)
    USBD_CtlReceiveStatus                    0x080052bb   Thumb Code    22  usbd_ioreq.o(i.USBD_CtlReceiveStatus)
    USBD_CtlSendData                         0x080052d1   Thumb Code    26  usbd_ioreq.o(i.USBD_CtlSendData)
    USBD_CtlSendStatus                       0x080052eb   Thumb Code    22  usbd_ioreq.o(i.USBD_CtlSendStatus)
    USBD_FS_ConfigStrDescriptor              0x08005301   Thumb Code    16  usbd_desc.o(i.USBD_FS_ConfigStrDescriptor)
    USBD_FS_DeviceDescriptor                 0x08005321   Thumb Code     8  usbd_desc.o(i.USBD_FS_DeviceDescriptor)
    USBD_FS_InterfaceStrDescriptor           0x0800532d   Thumb Code    16  usbd_desc.o(i.USBD_FS_InterfaceStrDescriptor)
    USBD_FS_LangIDStrDescriptor              0x08005351   Thumb Code     8  usbd_desc.o(i.USBD_FS_LangIDStrDescriptor)
    USBD_FS_ManufacturerStrDescriptor        0x0800535d   Thumb Code    16  usbd_desc.o(i.USBD_FS_ManufacturerStrDescriptor)
    USBD_FS_ProductStrDescriptor             0x08005385   Thumb Code    16  usbd_desc.o(i.USBD_FS_ProductStrDescriptor)
    USBD_FS_SerialStrDescriptor              0x080053b1   Thumb Code    16  usbd_desc.o(i.USBD_FS_SerialStrDescriptor)
    USBD_GetString                           0x080054b5   Thumb Code    70  usbd_ctlreq.o(i.USBD_GetString)
    USBD_Init                                0x080054fb   Thumb Code    42  usbd_core.o(i.USBD_Init)
    USBD_LL_ClearStallEP                     0x08005525   Thumb Code    14  usbd_conf.o(i.USBD_LL_ClearStallEP)
    USBD_LL_CloseEP                          0x08005533   Thumb Code    14  usbd_conf.o(i.USBD_LL_CloseEP)
    USBD_LL_DataInStage                      0x08005541   Thumb Code   170  usbd_core.o(i.USBD_LL_DataInStage)
    USBD_LL_DataOutStage                     0x080055eb   Thumb Code   106  usbd_core.o(i.USBD_LL_DataOutStage)
    USBD_LL_DevConnected                     0x08005655   Thumb Code     4  usbd_core.o(i.USBD_LL_DevConnected)
    USBD_LL_DevDisconnected                  0x08005659   Thumb Code    22  usbd_core.o(i.USBD_LL_DevDisconnected)
    USBD_LL_GetRxDataSize                    0x0800566f   Thumb Code     8  usbd_conf.o(i.USBD_LL_GetRxDataSize)
    USBD_LL_Init                             0x08005679   Thumb Code    92  usbd_conf.o(i.USBD_LL_Init)
    USBD_LL_IsStallEP                        0x080056d9   Thumb Code    32  usbd_conf.o(i.USBD_LL_IsStallEP)
    USBD_LL_IsoINIncomplete                  0x080056f9   Thumb Code     4  usbd_core.o(i.USBD_LL_IsoINIncomplete)
    USBD_LL_IsoOUTIncomplete                 0x080056fd   Thumb Code     4  usbd_core.o(i.USBD_LL_IsoOUTIncomplete)
    USBD_LL_OpenEP                           0x08005701   Thumb Code    20  usbd_conf.o(i.USBD_LL_OpenEP)
    USBD_LL_PrepareReceive                   0x08005715   Thumb Code    14  usbd_conf.o(i.USBD_LL_PrepareReceive)
    USBD_LL_Reset                            0x08005723   Thumb Code    62  usbd_core.o(i.USBD_LL_Reset)
    USBD_LL_Resume                           0x08005761   Thumb Code    12  usbd_core.o(i.USBD_LL_Resume)
    USBD_LL_SOF                              0x0800576d   Thumb Code    24  usbd_core.o(i.USBD_LL_SOF)
    USBD_LL_SetSpeed                         0x08005785   Thumb Code     6  usbd_core.o(i.USBD_LL_SetSpeed)
    USBD_LL_SetUSBAddress                    0x0800578b   Thumb Code    14  usbd_conf.o(i.USBD_LL_SetUSBAddress)
    USBD_LL_SetupStage                       0x08005799   Thumb Code    90  usbd_core.o(i.USBD_LL_SetupStage)
    USBD_LL_StallEP                          0x080057f3   Thumb Code    14  usbd_conf.o(i.USBD_LL_StallEP)
    USBD_LL_Start                            0x08005801   Thumb Code    14  usbd_conf.o(i.USBD_LL_Start)
    USBD_LL_Suspend                          0x0800580f   Thumb Code    18  usbd_core.o(i.USBD_LL_Suspend)
    USBD_LL_Transmit                         0x08005821   Thumb Code    14  usbd_conf.o(i.USBD_LL_Transmit)
    USBD_ParseSetupRequest                   0x0800582f   Thumb Code    40  usbd_ctlreq.o(i.USBD_ParseSetupRequest)
    USBD_RegisterClass                       0x08005857   Thumb Code    16  usbd_core.o(i.USBD_RegisterClass)
    USBD_SetClassConfig                      0x08005867   Thumb Code    22  usbd_core.o(i.USBD_SetClassConfig)
    USBD_Start                               0x080058f1   Thumb Code    10  usbd_core.o(i.USBD_Start)
    USBD_StdDevReq                           0x080058fb   Thumb Code   242  usbd_ctlreq.o(i.USBD_StdDevReq)
    USBD_StdEPReq                            0x080059ed   Thumb Code   220  usbd_ctlreq.o(i.USBD_StdEPReq)
    USBD_StdItfReq                           0x08005ac9   Thumb Code    52  usbd_ctlreq.o(i.USBD_StdItfReq)
    USB_ActivateEndpoint                     0x08005afd   Thumb Code   122  stm32f4xx_ll_usb.o(i.USB_ActivateEndpoint)
    USB_ActivateSetup                        0x08005b7d   Thumb Code    52  stm32f4xx_ll_usb.o(i.USB_ActivateSetup)
    USB_CoreInit                             0x08005bb1   Thumb Code    96  stm32f4xx_ll_usb.o(i.USB_CoreInit)
    USB_DeactivateEndpoint                   0x08005c4d   Thumb Code   110  stm32f4xx_ll_usb.o(i.USB_DeactivateEndpoint)
    USB_DevConnect                           0x08005cbb   Thumb Code    24  stm32f4xx_ll_usb.o(i.USB_DevConnect)
    USB_DevDisconnect                        0x08005cd3   Thumb Code    24  stm32f4xx_ll_usb.o(i.USB_DevDisconnect)
    USB_DevInit                              0x08005ced   Thumb Code   306  stm32f4xx_ll_usb.o(i.USB_DevInit)
    USB_DisableGlobalInt                     0x08005e31   Thumb Code    12  stm32f4xx_ll_usb.o(i.USB_DisableGlobalInt)
    USB_EP0StartXfer                         0x08005e3d   Thumb Code   316  stm32f4xx_ll_usb.o(i.USB_EP0StartXfer)
    USB_EP0_OutStart                         0x08005f7d   Thumb Code    62  stm32f4xx_ll_usb.o(i.USB_EP0_OutStart)
    USB_EPClearStall                         0x08005fbb   Thumb Code   100  stm32f4xx_ll_usb.o(i.USB_EPClearStall)
    USB_EPSetStall                           0x0800601f   Thumb Code    94  stm32f4xx_ll_usb.o(i.USB_EPSetStall)
    USB_EPStartXfer                          0x0800607d   Thumb Code   534  stm32f4xx_ll_usb.o(i.USB_EPStartXfer)
    USB_EnableGlobalInt                      0x08006299   Thumb Code    12  stm32f4xx_ll_usb.o(i.USB_EnableGlobalInt)
    USB_FlushRxFifo                          0x080062a5   Thumb Code    28  stm32f4xx_ll_usb.o(i.USB_FlushRxFifo)
    USB_FlushTxFifo                          0x080062c5   Thumb Code    32  stm32f4xx_ll_usb.o(i.USB_FlushTxFifo)
    USB_GetDevSpeed                          0x080062e9   Thumb Code    60  stm32f4xx_ll_usb.o(i.USB_GetDevSpeed)
    USB_GetMode                              0x08006325   Thumb Code     8  stm32f4xx_ll_usb.o(i.USB_GetMode)
    USB_ReadDevAllInEpInterrupt              0x0800632d   Thumb Code    14  stm32f4xx_ll_usb.o(i.USB_ReadDevAllInEpInterrupt)
    USB_ReadDevAllOutEpInterrupt             0x0800633b   Thumb Code    14  stm32f4xx_ll_usb.o(i.USB_ReadDevAllOutEpInterrupt)
    USB_ReadDevInEPInterrupt                 0x08006349   Thumb Code    30  stm32f4xx_ll_usb.o(i.USB_ReadDevInEPInterrupt)
    USB_ReadDevOutEPInterrupt                0x08006367   Thumb Code    16  stm32f4xx_ll_usb.o(i.USB_ReadDevOutEPInterrupt)
    USB_ReadInterrupts                       0x08006377   Thumb Code     8  stm32f4xx_ll_usb.o(i.USB_ReadInterrupts)
    USB_ReadPacket                           0x0800637f   Thumb Code    32  stm32f4xx_ll_usb.o(i.USB_ReadPacket)
    USB_SetCurrentMode                       0x0800639f   Thumb Code    44  stm32f4xx_ll_usb.o(i.USB_SetCurrentMode)
    USB_SetDevAddress                        0x080063cb   Thumb Code    34  stm32f4xx_ll_usb.o(i.USB_SetDevAddress)
    USB_WritePacket                          0x080063ed   Thumb Code    40  stm32f4xx_ll_usb.o(i.USB_WritePacket)
    UsageFault_Handler                       0x08006415   Thumb Code     2  stm32f4xx_it.o(i.UsageFault_Handler)
    __0printf$1                              0x08006419   Thumb Code    22  printf1.o(i.__0printf$1)
    __1printf$1                              0x08006419   Thumb Code     0  printf1.o(i.__0printf$1)
    __2printf                                0x08006419   Thumb Code     0  printf1.o(i.__0printf$1)
    __scatterload_copy                       0x08006439   Thumb Code    14  handlers.o(i.__scatterload_copy)
    __scatterload_null                       0x08006447   Thumb Code     2  handlers.o(i.__scatterload_null)
    __scatterload_zeroinit                   0x08006449   Thumb Code    14  handlers.o(i.__scatterload_zeroinit)
    fputc                                    0x080065ad   Thumb Code    20  usart.o(i.fputc)
    free                                     0x080065c5   Thumb Code    76  malloc.o(i.free)
    main                                     0x08006615   Thumb Code   222  main.o(i.main)
    malloc                                   0x0800672d   Thumb Code    92  malloc.o(i.malloc)
    tim121_pwm_setvalue                      0x08006799   Thumb Code    38  main.o(i.tim121_pwm_setvalue)
    tim122_pwm_setvalue                      0x080067c5   Thumb Code    38  main.o(i.tim122_pwm_setvalue)
    APBAHBPrescTable                         0x080067f0   Data          16  stm32f4xx_hal_rcc.o(.constdata)
    Region$$Table$$Base                      0x0800681c   Number         0  anon$$obj.o(Region$$Table)
    Region$$Table$$Limit                     0x0800683c   Number         0  anon$$obj.o(Region$$Table)
    uwTick                                   0x20000000   Data           4  stm32f4xx_hal.o(.data)
    USBD_CDC_CfgHSDesc                       0x20000014   Data          67  usbd_cdc.o(.data)
    USBD_CDC_CfgFSDesc                       0x20000058   Data          67  usbd_cdc.o(.data)
    USBD_CDC_OtherSpeedCfgDesc               0x2000009c   Data          67  usbd_cdc.o(.data)
    USBD_CDC                                 0x200000e0   Data          56  usbd_cdc.o(.data)
    FS_Desc                                  0x2000011c   Data          28  usbd_desc.o(.data)
    USBD_LangIDDesc                          0x20000138   Data           4  usbd_desc.o(.data)
    USBD_FS_DeviceDesc                       0x2000013c   Data          18  usbd_desc.o(.data)
    MouseLeft                                0x20000150   Data           1  main.o(.data)
    MouseRight                               0x20000151   Data           1  main.o(.data)
    rx_len                                   0x20000152   Data           1  main.o(.data)
    recv_end_flag                            0x20000153   Data           1  main.o(.data)
    MouseX                                   0x20000154   Data           2  main.o(.data)
    MouseY                                   0x20000156   Data           2  main.o(.data)
    MouseZ                                   0x20000158   Data           2  main.o(.data)
    key_All                                  0x2000015a   Data           2  main.o(.data)
    key_W                                    0x2000015c   Data           2  main.o(.data)
    key_S                                    0x2000015e   Data           2  main.o(.data)
    key_A                                    0x20000160   Data           2  main.o(.data)
    key_D                                    0x20000162   Data           2  main.o(.data)
    key_Q                                    0x20000164   Data           2  main.o(.data)
    key_E                                    0x20000166   Data           2  main.o(.data)
    key_Shift                                0x20000168   Data           2  main.o(.data)
    key_Ctrl                                 0x2000016a   Data           2  main.o(.data)
    ecode1                                   0x2000016c   Data           2  main.o(.data)
    ecode2                                   0x2000016e   Data           2  main.o(.data)
    ecode3                                   0x20000170   Data           2  main.o(.data)
    ecode4                                   0x20000172   Data           2  main.o(.data)
    ecode5                                   0x20000174   Data           2  main.o(.data)
    ecode6                                   0x20000176   Data           2  main.o(.data)
    Pitch_x_init                             0x20000178   Data           2  main.o(.data)
    Pitch_x_Max                              0x2000017a   Data           2  main.o(.data)
    Pitch_x_Min                              0x2000017c   Data           2  main.o(.data)
    Pitch_x_control                          0x2000017e   Data           2  main.o(.data)
    ch0                                      0x20000180   Data           4  main.o(.data)
    ch1                                      0x20000184   Data           4  main.o(.data)
    ch2                                      0x20000188   Data           4  main.o(.data)
    ch3                                      0x2000018c   Data           4  main.o(.data)
    s1                                       0x20000190   Data           4  main.o(.data)
    s2                                       0x20000194   Data           4  main.o(.data)
    Dbus                                     0x20000198   Data           4  main.o(.data)
    NUM1                                     0x2000019c   Data           4  main.o(.data)
    NUM2                                     0x200001a0   Data           4  main.o(.data)
    NUM3                                     0x200001a4   Data           4  main.o(.data)
    NUM4                                     0x200001a8   Data           4  main.o(.data)
    NUM5                                     0x200001ac   Data           4  main.o(.data)
    NUM6                                     0x200001b0   Data           4  main.o(.data)
    Speed1                                   0x200001b4   Data           4  main.o(.data)
    Speed2                                   0x200001b8   Data           4  main.o(.data)
    Speed3                                   0x200001bc   Data           4  main.o(.data)
    Speed4                                   0x200001c0   Data           4  main.o(.data)
    Pitch_I_Max                              0x200001c4   Data           4  main.o(.data)
    Pitch_I_Min                              0x200001c8   Data           4  main.o(.data)
    Pitch_v_except                           0x200001cc   Data           4  main.o(.data)
    Pitch_v_real                             0x200001d0   Data           4  main.o(.data)
    Pitch_x_except                           0x200001d4   Data           4  main.o(.data)
    Pitch_I_except                           0x200001d8   Data           4  main.o(.data)
    Pitch_I_lost                             0x200001dc   Data           4  main.o(.data)
    Pitch_I_control                          0x200001e0   Data           4  main.o(.data)
    Pitch_v_P                                0x200001e4   Data           4  main.o(.data)
    Pitch_v_I                                0x200001e8   Data           4  main.o(.data)
    Pitch_v_D                                0x200001ec   Data           4  main.o(.data)
    Pitch_v_integral                         0x200001f0   Data           4  main.o(.data)
    Pitch_x_P                                0x200001f4   Data           4  main.o(.data)
    Pitch_x_I                                0x200001f8   Data           4  main.o(.data)
    Pitch_x_D                                0x200001fc   Data           4  main.o(.data)
    Pitch_x_integral                         0x20000200   Data           4  main.o(.data)
    Pitch_v_diff                             0x20000204   Data           4  main.o(.data)
    Pitch_x_diff                             0x20000208   Data           4  main.o(.data)
    Pitch_cont_T                             0x2000020c   Data           4  main.o(.data)
    Pitch_v_erro                             0x20000210   Data           8  main.o(.data)
    Pitch_v_feedback                         0x20000218   Data           8  main.o(.data)
    Pitch_x_erro                             0x20000220   Data           8  main.o(.data)
    Pitch_x_feedback                         0x20000228   Data           8  main.o(.data)
    USBD_Interface_fops_FS                   0x200002b0   Data          16  usbd_cdc_if.o(.data)
    UserRxBufferFS                           0x200002c0   Data           4  usbd_cdc_if.o(.data)
    UserTxBufferFS                           0x200002c4   Data           4  usbd_cdc_if.o(.data)
    SystemCoreClock                          0x200002cc   Data           4  system_stm32f4xx.o(.data)
    MPU_id                                   0x200002d0   Data           1  test_imu.o(.data)
    Timetick1ms                              0x200002e8   Data           4  test_app.o(.data)
    Startup_Success_music_index              0x200002ec   Data           4  test_app.o(.data)
    sTestResult                              0x200002f0   Data           6  test_app.o(.data)
    can1_tx_data                             0x200002f6   Data           8  test_app.o(.data)
    can2_tx_data                             0x200002fe   Data           8  test_app.o(.data)
    __stdout                                 0x20000308   Data           4  stdout.o(.data)
    __microlib_freelist                      0x2000030c   Data           4  mvars.o(.data)
    __microlib_freelist_initialised          0x20000310   Data           4  mvars.o(.data)
    huart1                                   0x20000314   Data          64  usart.o(.bss)
    huart2                                   0x20000354   Data          64  usart.o(.bss)
    huart3                                   0x20000394   Data          64  usart.o(.bss)
    huart6                                   0x200003d4   Data          64  usart.o(.bss)
    hdma_usart1_rx                           0x20000414   Data          96  usart.o(.bss)
    can1_rx_data_buf                         0x20000474   Data          36  stm32f4xx_it.o(.bss)
    hUsbDeviceFS                             0x20000498   Data         548  usb_device.o(.bss)
    hpcd_USB_OTG_FS                          0x200006bc   Data         952  usbd_conf.o(.bss)
    USBD_StrDesc                             0x20000a74   Data         128  usbd_desc.o(.bss)
    rx_buffer                                0x20000b04   Data          18  main.o(.bss)
    hcan1                                    0x20000b18   Data          64  can.o(.bss)
    hcan2                                    0x20000b58   Data          64  can.o(.bss)
    hspi5                                    0x20000b98   Data          88  spi.o(.bss)
    htim2                                    0x20000bf0   Data          60  tim.o(.bss)
    htim3                                    0x20000c2c   Data          60  tim.o(.bss)
    htim4                                    0x20000c68   Data          60  tim.o(.bss)
    htim5                                    0x20000ca4   Data          60  tim.o(.bss)
    htim6                                    0x20000ce0   Data          60  tim.o(.bss)
    htim8                                    0x20000d1c   Data          60  tim.o(.bss)
    htim12                                   0x20000d58   Data          60  tim.o(.bss)
    uart3_rx_buff                            0x20000e14   Data          50  test_uart.o(.bss)
    uart6_rx_buff                            0x20000e46   Data          50  test_uart.o(.bss)
    uart1_rx_buff                            0x20000e78   Data          50  test_uart.o(.bss)
    __heap_base                              0x20000eb0   Data           0  startup_stm32f427xx.o(HEAP)
    __heap_limit                             0x20001eb0   Data           0  startup_stm32f427xx.o(HEAP)
    __initial_sp                             0x200022b0   Data           0  startup_stm32f427xx.o(STACK)



==============================================================================

Memory Map of the image

  Image Entry point : 0x080001ad

  Load Region LR_IROM1 (Base: 0x08000000, Size: 0x00006b50, Max: 0x00200000, ABSOLUTE, COMPRESSED[0x00006920])

    Execution Region ER_IROM1 (Base: 0x08000000, Size: 0x0000683c, Max: 0x00200000, ABSOLUTE)

    Base Addr    Size         Type   Attr      Idx    E Section Name        Object

    0x08000000   0x000001ac   Data   RO            3    RESET               startup_stm32f427xx.o
    0x080001ac   0x00000000   Code   RO         5045  * .ARM.Collect$$$$00000000  mc_w.l(entry.o)
    0x080001ac   0x00000004   Code   RO         5351    .ARM.Collect$$$$00000001  mc_w.l(entry2.o)
    0x080001b0   0x00000004   Code   RO         5354    .ARM.Collect$$$$00000004  mc_w.l(entry5.o)
    0x080001b4   0x00000000   Code   RO         5356    .ARM.Collect$$$$00000008  mc_w.l(entry7b.o)
    0x080001b4   0x00000000   Code   RO         5358    .ARM.Collect$$$$0000000A  mc_w.l(entry8b.o)
    0x080001b4   0x00000008   Code   RO         5359    .ARM.Collect$$$$0000000B  mc_w.l(entry9a.o)
    0x080001bc   0x00000000   Code   RO         5361    .ARM.Collect$$$$0000000D  mc_w.l(entry10a.o)
    0x080001bc   0x00000000   Code   RO         5363    .ARM.Collect$$$$0000000F  mc_w.l(entry11a.o)
    0x080001bc   0x00000004   Code   RO         5352    .ARM.Collect$$$$00002712  mc_w.l(entry2.o)
    0x080001c0   0x00000024   Code   RO            4    .text               startup_stm32f427xx.o
    0x080001e4   0x00000024   Code   RO         5048    .text               mc_w.l(memcpya.o)
    0x08000208   0x0000014e   Code   RO         5341    .text               mf_w.l(dadd.o)
    0x08000356   0x000000e4   Code   RO         5343    .text               mf_w.l(dmul.o)
    0x0800043a   0x000000de   Code   RO         5345    .text               mf_w.l(ddiv.o)
    0x08000518   0x00000026   Code   RO         5347    .text               mf_w.l(f2d.o)
    0x0800053e   0x00000038   Code   RO         5349    .text               mf_w.l(d2f.o)
    0x08000576   0x0000002c   Code   RO         5366    .text               mc_w.l(uidiv.o)
    0x080005a2   0x0000001e   Code   RO         5370    .text               mc_w.l(llshl.o)
    0x080005c0   0x00000024   Code   RO         5372    .text               mc_w.l(llsshr.o)
    0x080005e4   0x00000000   Code   RO         5376    .text               mc_w.l(iusefp.o)
    0x080005e4   0x0000006e   Code   RO         5377    .text               mf_w.l(fepilogue.o)
    0x08000652   0x000000ba   Code   RO         5379    .text               mf_w.l(depilogue.o)
    0x0800070c   0x00000024   Code   RO         5385    .text               mc_w.l(init.o)
    0x08000730   0x00000020   Code   RO         5387    .text               mc_w.l(llushr.o)
    0x08000750   0x00000056   Code   RO         5397    .text               mc_w.l(__dczerorl2.o)
    0x080007a6   0x00000002   Code   RO         3812    i.BusFault_Handler  stm32f4xx_it.o
    0x080007a8   0x0000001c   Code   RO         3813    i.CAN1_RX0_IRQHandler  stm32f4xx_it.o
    0x080007c4   0x0000000c   Code   RO         3814    i.CAN1_TX_IRQHandler  stm32f4xx_it.o
    0x080007d0   0x0000000c   Code   RO         3815    i.CAN2_RX0_IRQHandler  stm32f4xx_it.o
    0x080007dc   0x0000000c   Code   RO         3816    i.CAN2_TX_IRQHandler  stm32f4xx_it.o
    0x080007e8   0x0000012c   Code   RO          694    i.CAN_Receive_IT    stm32f4xx_hal_can.o
    0x08000914   0x0000004a   Code   RO         4750    i.CAN_Send_Msg      test_can.o
    0x0800095e   0x00000060   Code   RO          695    i.CAN_Transmit_IT   stm32f4xx_hal_can.o
    0x080009be   0x00000004   Code   RO         4414    i.CDC_Control_FS    usbd_cdc_if.o
    0x080009c2   0x00000004   Code   RO         4415    i.CDC_DeInit_FS     usbd_cdc_if.o
    0x080009c6   0x00000002   PAD
    0x080009c8   0x00000024   Code   RO         4416    i.CDC_Init_FS       usbd_cdc_if.o
    0x080009ec   0x00000018   Code   RO         4417    i.CDC_Receive_FS    usbd_cdc_if.o
    0x08000a04   0x00000054   Code   RO         4751    i.CanFilter_Init    test_can.o
    0x08000a58   0x0000013c   Code   RO         4266    i.Control           main.o
    0x08000b94   0x0000000c   Code   RO         3817    i.DMA2_Stream2_IRQHandler  stm32f4xx_it.o
    0x08000ba0   0x00000028   Code   RO         1103    i.DMA_CalcBaseAndBitshift  stm32f4xx_hal_dma.o
    0x08000bc8   0x00000054   Code   RO         1104    i.DMA_CheckFifoParam  stm32f4xx_hal_dma.o
    0x08000c1c   0x00000028   Code   RO         1105    i.DMA_SetConfig     stm32f4xx_hal_dma.o
    0x08000c44   0x00000002   Code   RO         3818    i.DebugMon_Handler  stm32f4xx_it.o
    0x08000c46   0x00000006   Code   RO         3819    i.EXTI1_IRQHandler  stm32f4xx_it.o
    0x08000c4c   0x00000002   Code   RO         4267    i.Error_Handler     main.o
    0x08000c4e   0x00000002   PAD
    0x08000c50   0x000000e4   Code   RO          696    i.HAL_CAN_ConfigFilter  stm32f4xx_hal_can.o
    0x08000d34   0x00000002   Code   RO          698    i.HAL_CAN_ErrorCallback  stm32f4xx_hal_can.o
    0x08000d36   0x00000002   PAD
    0x08000d38   0x00000180   Code   RO          701    i.HAL_CAN_IRQHandler  stm32f4xx_hal_can.o
    0x08000eb8   0x00000148   Code   RO          702    i.HAL_CAN_Init      stm32f4xx_hal_can.o
    0x08001000   0x000000e0   Code   RO         4491    i.HAL_CAN_MspInit   can.o
    0x080010e0   0x00000086   Code   RO          706    i.HAL_CAN_Receive_IT  stm32f4xx_hal_can.o
    0x08001166   0x00000002   PAD
    0x08001168   0x00000020   Code   RO         4752    i.HAL_CAN_RxCpltCallback  test_can.o
    0x08001188   0x00000194   Code   RO          709    i.HAL_CAN_Transmit  stm32f4xx_hal_can.o
    0x0800131c   0x00000002   Code   RO          711    i.HAL_CAN_TxCpltCallback  stm32f4xx_hal_can.o
    0x0800131e   0x0000008e   Code   RO         1106    i.HAL_DMA_Abort     stm32f4xx_hal_dma.o
    0x080013ac   0x00000024   Code   RO         1107    i.HAL_DMA_Abort_IT  stm32f4xx_hal_dma.o
    0x080013d0   0x000001a8   Code   RO         1111    i.HAL_DMA_IRQHandler  stm32f4xx_hal_dma.o
    0x08001578   0x000000d0   Code   RO         1112    i.HAL_DMA_Init      stm32f4xx_hal_dma.o
    0x08001648   0x00000078   Code   RO         1116    i.HAL_DMA_Start_IT  stm32f4xx_hal_dma.o
    0x080016c0   0x00000016   Code   RO         2581    i.HAL_Delay         stm32f4xx_hal.o
    0x080016d6   0x00000002   Code   RO         2013    i.HAL_GPIO_EXTI_Callback  stm32f4xx_hal_gpio.o
    0x080016d8   0x00000018   Code   RO         2014    i.HAL_GPIO_EXTI_IRQHandler  stm32f4xx_hal_gpio.o
    0x080016f0   0x000001cc   Code   RO         2015    i.HAL_GPIO_Init     stm32f4xx_hal_gpio.o
    0x080018bc   0x0000000a   Code   RO         2019    i.HAL_GPIO_WritePin  stm32f4xx_hal_gpio.o
    0x080018c6   0x00000002   PAD
    0x080018c8   0x0000000c   Code   RO         2589    i.HAL_GetTick       stm32f4xx_hal.o
    0x080018d4   0x00000010   Code   RO         2590    i.HAL_IncTick       stm32f4xx_hal.o
    0x080018e4   0x00000034   Code   RO         2591    i.HAL_Init          stm32f4xx_hal.o
    0x08001918   0x00000028   Code   RO         2592    i.HAL_InitTick      stm32f4xx_hal.o
    0x08001940   0x00000058   Code   RO         4466    i.HAL_MspInit       stm32f4xx_hal_msp.o
    0x08001998   0x0000008e   Code   RO          449    i.HAL_MultiProcessor_Init  stm32f4xx_hal_uart.o
    0x08001a26   0x00000016   Code   RO         3167    i.HAL_NVIC_EnableIRQ  stm32f4xx_hal_cortex.o
    0x08001a3c   0x00000040   Code   RO         3173    i.HAL_NVIC_SetPriority  stm32f4xx_hal_cortex.o
    0x08001a7c   0x00000024   Code   RO         3174    i.HAL_NVIC_SetPriorityGrouping  stm32f4xx_hal_cortex.o
    0x08001aa0   0x00000008   Code   RO         3134    i.HAL_PCDEx_SetRxFiFo  stm32f4xx_hal_pcd_ex.o
    0x08001aa8   0x00000044   Code   RO         3135    i.HAL_PCDEx_SetTxFiFo  stm32f4xx_hal_pcd_ex.o
    0x08001aec   0x00000008   Code   RO         4009    i.HAL_PCD_ConnectCallback  usbd_conf.o
    0x08001af4   0x00000012   Code   RO         4010    i.HAL_PCD_DataInStageCallback  usbd_conf.o
    0x08001b06   0x00000014   Code   RO         4011    i.HAL_PCD_DataOutStageCallback  usbd_conf.o
    0x08001b1a   0x00000008   Code   RO         4012    i.HAL_PCD_DisconnectCallback  usbd_conf.o
    0x08001b22   0x00000044   Code   RO           22    i.HAL_PCD_EP_Close  stm32f4xx_hal_pcd.o
    0x08001b66   0x00000050   Code   RO           23    i.HAL_PCD_EP_ClrStall  stm32f4xx_hal_pcd.o
    0x08001bb6   0x00000014   Code   RO           25    i.HAL_PCD_EP_GetRxCount  stm32f4xx_hal_pcd.o
    0x08001bca   0x00000054   Code   RO           26    i.HAL_PCD_EP_Open   stm32f4xx_hal_pcd.o
    0x08001c1e   0x00000002   PAD
    0x08001c20   0x0000005e   Code   RO           27    i.HAL_PCD_EP_Receive  stm32f4xx_hal_pcd.o
    0x08001c7e   0x00000060   Code   RO           28    i.HAL_PCD_EP_SetStall  stm32f4xx_hal_pcd.o
    0x08001cde   0x00000056   Code   RO           29    i.HAL_PCD_EP_Transmit  stm32f4xx_hal_pcd.o
    0x08001d34   0x000004f4   Code   RO           31    i.HAL_PCD_IRQHandler  stm32f4xx_hal_pcd.o
    0x08002228   0x00000008   Code   RO         4013    i.HAL_PCD_ISOINIncompleteCallback  usbd_conf.o
    0x08002230   0x00000008   Code   RO         4014    i.HAL_PCD_ISOOUTIncompleteCallback  usbd_conf.o
    0x08002238   0x000000be   Code   RO           34    i.HAL_PCD_Init      stm32f4xx_hal_pcd.o
    0x080022f6   0x00000002   PAD
    0x080022f8   0x0000007c   Code   RO         4016    i.HAL_PCD_MspInit   usbd_conf.o
    0x08002374   0x00000020   Code   RO         4017    i.HAL_PCD_ResetCallback  usbd_conf.o
    0x08002394   0x00000008   Code   RO         4018    i.HAL_PCD_ResumeCallback  usbd_conf.o
    0x0800239c   0x00000008   Code   RO         4019    i.HAL_PCD_SOFCallback  usbd_conf.o
    0x080023a4   0x00000024   Code   RO           40    i.HAL_PCD_SetAddress  stm32f4xx_hal_pcd.o
    0x080023c8   0x0000000e   Code   RO         4020    i.HAL_PCD_SetupStageCallback  usbd_conf.o
    0x080023d6   0x0000002a   Code   RO           42    i.HAL_PCD_Start     stm32f4xx_hal_pcd.o
    0x08002400   0x00000030   Code   RO         4021    i.HAL_PCD_SuspendCallback  usbd_conf.o
    0x08002430   0x0000017c   Code   RO          338    i.HAL_RCC_ClockConfig  stm32f4xx_hal_rcc.o
    0x080025ac   0x0000000c   Code   RO          343    i.HAL_RCC_GetHCLKFreq  stm32f4xx_hal_rcc.o
    0x080025b8   0x00000030   Code   RO          345    i.HAL_RCC_GetPCLK1Freq  stm32f4xx_hal_rcc.o
    0x080025e8   0x00000030   Code   RO          346    i.HAL_RCC_GetPCLK2Freq  stm32f4xx_hal_rcc.o
    0x08002618   0x00000074   Code   RO          347    i.HAL_RCC_GetSysClockFreq  stm32f4xx_hal_rcc.o
    0x0800268c   0x000002e4   Code   RO          350    i.HAL_RCC_OscConfig  stm32f4xx_hal_rcc.o
    0x08002970   0x00000080   Code   RO          832    i.HAL_SPI_Init      stm32f4xx_hal_spi.o
    0x080029f0   0x0000004c   Code   RO         4588    i.HAL_SPI_MspInit   spi.o
    0x08002a3c   0x000001d8   Code   RO          841    i.HAL_SPI_TransmitReceive  stm32f4xx_hal_spi.o
    0x08002c14   0x00000018   Code   RO         3176    i.HAL_SYSTICK_CLKSourceConfig  stm32f4xx_hal_cortex.o
    0x08002c2c   0x00000002   Code   RO         3177    i.HAL_SYSTICK_Callback  stm32f4xx_hal_cortex.o
    0x08002c2e   0x00000028   Code   RO         3178    i.HAL_SYSTICK_Config  stm32f4xx_hal_cortex.o
    0x08002c56   0x00000008   Code   RO         3179    i.HAL_SYSTICK_IRQHandler  stm32f4xx_hal_cortex.o
    0x08002c5e   0x00000002   Code   RO         2078    i.HAL_TIMEx_BreakCallback  stm32f4xx_hal_tim_ex.o
    0x08002c60   0x00000002   Code   RO         2079    i.HAL_TIMEx_CommutationCallback  stm32f4xx_hal_tim_ex.o
    0x08002c62   0x00000042   Code   RO         2080    i.HAL_TIMEx_ConfigBreakDeadTime  stm32f4xx_hal_tim_ex.o
    0x08002ca4   0x00000050   Code   RO         2095    i.HAL_TIMEx_MasterConfigSynchronization  stm32f4xx_hal_tim_ex.o
    0x08002cf4   0x00000036   Code   RO         1283    i.HAL_TIM_Base_Init  stm32f4xx_hal_tim.o
    0x08002d2a   0x00000002   PAD
    0x08002d2c   0x000000c8   Code   RO         4630    i.HAL_TIM_Base_MspInit  tim.o
    0x08002df4   0x00000018   Code   RO         1288    i.HAL_TIM_Base_Start_IT  stm32f4xx_hal_tim.o
    0x08002e0c   0x000000f2   Code   RO         1292    i.HAL_TIM_ConfigClockSource  stm32f4xx_hal_tim.o
    0x08002efe   0x00000002   Code   RO         1312    i.HAL_TIM_IC_CaptureCallback  stm32f4xx_hal_tim.o
    0x08002f00   0x00000166   Code   RO         1325    i.HAL_TIM_IRQHandler  stm32f4xx_hal_tim.o
    0x08003066   0x00000002   PAD
    0x08003068   0x000000e4   Code   RO         4631    i.HAL_TIM_MspPostInit  tim.o
    0x0800314c   0x00000002   Code   RO         1328    i.HAL_TIM_OC_DelayElapsedCallback  stm32f4xx_hal_tim.o
    0x0800314e   0x000000d0   Code   RO         1349    i.HAL_TIM_PWM_ConfigChannel  stm32f4xx_hal_tim.o
    0x0800321e   0x00000036   Code   RO         1352    i.HAL_TIM_PWM_Init  stm32f4xx_hal_tim.o
    0x08003254   0x00000002   Code   RO         1354    i.HAL_TIM_PWM_MspInit  stm32f4xx_hal_tim.o
    0x08003256   0x00000002   Code   RO         1355    i.HAL_TIM_PWM_PulseFinishedCallback  stm32f4xx_hal_tim.o
    0x08003258   0x00000038   Code   RO         1356    i.HAL_TIM_PWM_Start  stm32f4xx_hal_tim.o
    0x08003290   0x00000002   Code   RO         1362    i.HAL_TIM_PeriodElapsedCallback  stm32f4xx_hal_tim.o
    0x08003292   0x00000002   Code   RO         1366    i.HAL_TIM_TriggerCallback  stm32f4xx_hal_tim.o
    0x08003294   0x00000058   Code   RO          452    i.HAL_UART_DMAStop  stm32f4xx_hal_uart.o
    0x080032ec   0x00000002   Code   RO          454    i.HAL_UART_ErrorCallback  stm32f4xx_hal_uart.o
    0x080032ee   0x00000002   PAD
    0x080032f0   0x00000110   Code   RO          457    i.HAL_UART_IRQHandler  stm32f4xx_hal_uart.o
    0x08003400   0x00000144   Code   RO         3741    i.HAL_UART_MspInit  usart.o
    0x08003544   0x00000090   Code   RO          462    i.HAL_UART_Receive_DMA  stm32f4xx_hal_uart.o
    0x080035d4   0x00000048   Code   RO          463    i.HAL_UART_Receive_IT  stm32f4xx_hal_uart.o
    0x0800361c   0x00000054   Code   RO         4913    i.HAL_UART_RxCpltCallback  test_uart.o
    0x08003670   0x00000002   Code   RO          465    i.HAL_UART_RxHalfCpltCallback  stm32f4xx_hal_uart.o
    0x08003672   0x000000ba   Code   RO          466    i.HAL_UART_Transmit  stm32f4xx_hal_uart.o
    0x0800372c   0x00000002   Code   RO          469    i.HAL_UART_TxCpltCallback  stm32f4xx_hal_uart.o
    0x0800372e   0x00000002   Code   RO         3820    i.HardFault_Handler  stm32f4xx_it.o
    0x08003730   0x000000fc   Code   RO         4268    i.KalmanFitter      main.o
    0x0800382c   0x00000050   Code   RO         4818    i.MPU6500_Init      test_imu.o
    0x0800387c   0x00000050   Code   RO         4819    i.MPU6500_Read_Reg  test_imu.o
    0x080038cc   0x00000054   Code   RO         4823    i.MPU6500_Write_Reg  test_imu.o
    0x08003920   0x00000048   Code   RO         4492    i.MX_CAN1_Init      can.o
    0x08003968   0x00000048   Code   RO         4493    i.MX_CAN2_Init      can.o
    0x080039b0   0x0000002c   Code   RO         4539    i.MX_DMA_Init       dma.o
    0x080039dc   0x00000154   Code   RO         4563    i.MX_GPIO_Init      gpio.o
    0x08003b30   0x00000048   Code   RO         4589    i.MX_SPI5_Init      spi.o
    0x08003b78   0x00000088   Code   RO         4632    i.MX_TIM12_Init     tim.o
    0x08003c00   0x000000ac   Code   RO         4633    i.MX_TIM2_Init      tim.o
    0x08003cac   0x00000080   Code   RO         4634    i.MX_TIM3_Init      tim.o
    0x08003d2c   0x000000ac   Code   RO         4635    i.MX_TIM4_Init      tim.o
    0x08003dd8   0x000000ac   Code   RO         4636    i.MX_TIM5_Init      tim.o
    0x08003e84   0x00000040   Code   RO         4637    i.MX_TIM6_Init      tim.o
    0x08003ec4   0x000000d8   Code   RO         4638    i.MX_TIM8_Init      tim.o
    0x08003f9c   0x00000040   Code   RO         3742    i.MX_USART1_UART_Init  usart.o
    0x08003fdc   0x0000003c   Code   RO         3743    i.MX_USART2_UART_Init  usart.o
    0x08004018   0x0000003c   Code   RO         3744    i.MX_USART3_UART_Init  usart.o
    0x08004054   0x0000003c   Code   RO         3745    i.MX_USART6_UART_Init  usart.o
    0x08004090   0x00000038   Code   RO         3971    i.MX_USB_DEVICE_Init  usb_device.o
    0x080040c8   0x00000002   Code   RO         3821    i.MemManage_Handler  stm32f4xx_it.o
    0x080040ca   0x00000002   PAD
    0x080040cc   0x000000b4   Code   RO         4753    i.Message_buffer    test_can.o
    0x08004180   0x00000002   Code   RO         3822    i.NMI_Handler       stm32f4xx_it.o
    0x08004182   0x00000020   Code   RO         3180    i.NVIC_SetPriority  stm32f4xx_hal_cortex.o
    0x080041a2   0x00000002   PAD
    0x080041a4   0x0000000c   Code   RO         3823    i.OTG_FS_IRQHandler  stm32f4xx_it.o
    0x080041b0   0x00000088   Code   RO           45    i.PCD_WriteEmptyTxFifo  stm32f4xx_hal_pcd.o
    0x08004238   0x00000002   Code   RO         3824    i.PendSV_Handler    stm32f4xx_it.o
    0x0800423a   0x00000002   PAD
    0x0800423c   0x000001a4   Code   RO         4270    i.PitchPID          main.o
    0x080043e0   0x000000cc   Code   RO         4271    i.ReadControl       main.o
    0x080044ac   0x0000006c   Code   RO         4272    i.ReadEncode        main.o
    0x08004518   0x00000020   Code   RO          854    i.SPI_CheckFlag_BSY  stm32f4xx_hal_spi.o
    0x08004538   0x00000096   Code   RO          870    i.SPI_WaitFlagStateUntilTimeout  stm32f4xx_hal_spi.o
    0x080045ce   0x00000002   Code   RO         3825    i.SVC_Handler       stm32f4xx_it.o
    0x080045d0   0x00000074   Code   RO         4273    i.SpeedPID          main.o
    0x08004644   0x0000000e   Code   RO         3826    i.SysTick_Handler   stm32f4xx_it.o
    0x08004652   0x00000002   PAD
    0x08004654   0x000000a0   Code   RO         4274    i.SystemClock_Config  main.o
    0x080046f4   0x00000054   Code   RO         4714    i.SystemInit        system_stm32f4xx.o
    0x08004748   0x00000108   Code   RO         3827    i.TIM6_DAC_IRQHandler  stm32f4xx_it.o
    0x08004850   0x000000c0   Code   RO         1367    i.TIM_Base_SetConfig  stm32f4xx_hal_tim.o
    0x08004910   0x00000016   Code   RO         1368    i.TIM_CCxChannelCmd  stm32f4xx_hal_tim.o
    0x08004926   0x00000014   Code   RO         1374    i.TIM_ETR_SetConfig  stm32f4xx_hal_tim.o
    0x0800493a   0x00000010   Code   RO         1375    i.TIM_ITRx_SetConfig  stm32f4xx_hal_tim.o
    0x0800494a   0x00000002   PAD
    0x0800494c   0x00000058   Code   RO         1376    i.TIM_OC1_SetConfig  stm32f4xx_hal_tim.o
    0x080049a4   0x00000064   Code   RO         1377    i.TIM_OC2_SetConfig  stm32f4xx_hal_tim.o
    0x08004a08   0x00000060   Code   RO         1378    i.TIM_OC3_SetConfig  stm32f4xx_hal_tim.o
    0x08004a68   0x00000050   Code   RO         1379    i.TIM_OC4_SetConfig  stm32f4xx_hal_tim.o
    0x08004ab8   0x00000022   Code   RO         1381    i.TIM_TI1_ConfigInputStage  stm32f4xx_hal_tim.o
    0x08004ada   0x00000024   Code   RO         1383    i.TIM_TI2_ConfigInputStage  stm32f4xx_hal_tim.o
    0x08004afe   0x00000010   Code   RO          471    i.UART_DMAAbortOnError  stm32f4xx_hal_uart.o
    0x08004b0e   0x0000004a   Code   RO          472    i.UART_DMAError     stm32f4xx_hal_uart.o
    0x08004b58   0x0000003c   Code   RO          473    i.UART_DMAReceiveCplt  stm32f4xx_hal_uart.o
    0x08004b94   0x0000000a   Code   RO          474    i.UART_DMARxHalfCplt  stm32f4xx_hal_uart.o
    0x08004b9e   0x0000001c   Code   RO          477    i.UART_EndRxTransfer  stm32f4xx_hal_uart.o
    0x08004bba   0x00000012   Code   RO          478    i.UART_EndTxTransfer  stm32f4xx_hal_uart.o
    0x08004bcc   0x0000008c   Code   RO          479    i.UART_Receive_IT   stm32f4xx_hal_uart.o
    0x08004c58   0x000002ac   Code   RO          480    i.UART_SetConfig    stm32f4xx_hal_uart.o
    0x08004f04   0x00000062   Code   RO          481    i.UART_Transmit_IT  stm32f4xx_hal_uart.o
    0x08004f66   0x00000064   Code   RO          482    i.UART_WaitOnFlagUntilTimeout  stm32f4xx_hal_uart.o
    0x08004fca   0x00000002   PAD
    0x08004fcc   0x00000048   Code   RO         3828    i.USART1_IRQHandler  stm32f4xx_it.o
    0x08005014   0x0000000c   Code   RO         3829    i.USART2_IRQHandler  stm32f4xx_it.o
    0x08005020   0x0000000c   Code   RO         3830    i.USART3_IRQHandler  stm32f4xx_it.o
    0x0800502c   0x0000000c   Code   RO         3831    i.USART6_IRQHandler  stm32f4xx_it.o
    0x08005038   0x00000014   Code   RO         3346    i.USBD_CDC_DataIn   usbd_cdc.o
    0x0800504c   0x0000002e   Code   RO         3347    i.USBD_CDC_DataOut  usbd_cdc.o
    0x0800507a   0x0000003c   Code   RO         3348    i.USBD_CDC_DeInit   usbd_cdc.o
    0x080050b6   0x00000024   Code   RO         3349    i.USBD_CDC_EP0_RxReady  usbd_cdc.o
    0x080050da   0x00000002   PAD
    0x080050dc   0x0000000c   Code   RO         3350    i.USBD_CDC_GetDeviceQualifierDescriptor  usbd_cdc.o
    0x080050e8   0x0000000c   Code   RO         3351    i.USBD_CDC_GetFSCfgDesc  usbd_cdc.o
    0x080050f4   0x0000000c   Code   RO         3352    i.USBD_CDC_GetHSCfgDesc  usbd_cdc.o
    0x08005100   0x0000000c   Code   RO         3353    i.USBD_CDC_GetOtherSpeedCfgDesc  usbd_cdc.o
    0x0800510c   0x00000088   Code   RO         3354    i.USBD_CDC_Init     usbd_cdc.o
    0x08005194   0x00000028   Code   RO         3355    i.USBD_CDC_ReceivePacket  usbd_cdc.o
    0x080051bc   0x00000010   Code   RO         3356    i.USBD_CDC_RegisterInterface  usbd_cdc.o
    0x080051cc   0x0000000c   Code   RO         3357    i.USBD_CDC_SetRxBuffer  usbd_cdc.o
    0x080051d8   0x00000010   Code   RO         3358    i.USBD_CDC_SetTxBuffer  usbd_cdc.o
    0x080051e8   0x00000070   Code   RO         3359    i.USBD_CDC_Setup    usbd_cdc.o
    0x08005258   0x0000000e   Code   RO         3542    i.USBD_ClrClassConfig  usbd_core.o
    0x08005266   0x00000010   Code   RO         3680    i.USBD_CtlContinueRx  usbd_ioreq.o
    0x08005276   0x00000010   Code   RO         3681    i.USBD_CtlContinueSendData  usbd_ioreq.o
    0x08005286   0x00000016   Code   RO         3477    i.USBD_CtlError     usbd_ctlreq.o
    0x0800529c   0x0000001e   Code   RO         3682    i.USBD_CtlPrepareRx  usbd_ioreq.o
    0x080052ba   0x00000016   Code   RO         3683    i.USBD_CtlReceiveStatus  usbd_ioreq.o
    0x080052d0   0x0000001a   Code   RO         3684    i.USBD_CtlSendData  usbd_ioreq.o
    0x080052ea   0x00000016   Code   RO         3685    i.USBD_CtlSendStatus  usbd_ioreq.o
    0x08005300   0x00000020   Code   RO         4198    i.USBD_FS_ConfigStrDescriptor  usbd_desc.o
    0x08005320   0x0000000c   Code   RO         4199    i.USBD_FS_DeviceDescriptor  usbd_desc.o
    0x0800532c   0x00000024   Code   RO         4200    i.USBD_FS_InterfaceStrDescriptor  usbd_desc.o
    0x08005350   0x0000000c   Code   RO         4201    i.USBD_FS_LangIDStrDescriptor  usbd_desc.o
    0x0800535c   0x00000028   Code   RO         4202    i.USBD_FS_ManufacturerStrDescriptor  usbd_desc.o
    0x08005384   0x0000002c   Code   RO         4203    i.USBD_FS_ProductStrDescriptor  usbd_desc.o
    0x080053b0   0x00000024   Code   RO         4204    i.USBD_FS_SerialStrDescriptor  usbd_desc.o
    0x080053d4   0x000000e0   Code   RO         3478    i.USBD_GetDescriptor  usbd_ctlreq.o
    0x080054b4   0x00000046   Code   RO         3479    i.USBD_GetString    usbd_ctlreq.o
    0x080054fa   0x0000002a   Code   RO         3544    i.USBD_Init         usbd_core.o
    0x08005524   0x0000000e   Code   RO         4022    i.USBD_LL_ClearStallEP  usbd_conf.o
    0x08005532   0x0000000e   Code   RO         4023    i.USBD_LL_CloseEP   usbd_conf.o
    0x08005540   0x000000aa   Code   RO         3545    i.USBD_LL_DataInStage  usbd_core.o
    0x080055ea   0x0000006a   Code   RO         3546    i.USBD_LL_DataOutStage  usbd_core.o
    0x08005654   0x00000004   Code   RO         3547    i.USBD_LL_DevConnected  usbd_core.o
    0x08005658   0x00000016   Code   RO         3548    i.USBD_LL_DevDisconnected  usbd_core.o
    0x0800566e   0x00000008   Code   RO         4027    i.USBD_LL_GetRxDataSize  usbd_conf.o
    0x08005676   0x00000002   PAD
    0x08005678   0x00000060   Code   RO         4028    i.USBD_LL_Init      usbd_conf.o
    0x080056d8   0x00000020   Code   RO         4029    i.USBD_LL_IsStallEP  usbd_conf.o
    0x080056f8   0x00000004   Code   RO         3549    i.USBD_LL_IsoINIncomplete  usbd_core.o
    0x080056fc   0x00000004   Code   RO         3550    i.USBD_LL_IsoOUTIncomplete  usbd_core.o
    0x08005700   0x00000014   Code   RO         4030    i.USBD_LL_OpenEP    usbd_conf.o
    0x08005714   0x0000000e   Code   RO         4031    i.USBD_LL_PrepareReceive  usbd_conf.o
    0x08005722   0x0000003e   Code   RO         3551    i.USBD_LL_Reset     usbd_core.o
    0x08005760   0x0000000c   Code   RO         3552    i.USBD_LL_Resume    usbd_core.o
    0x0800576c   0x00000018   Code   RO         3553    i.USBD_LL_SOF       usbd_core.o
    0x08005784   0x00000006   Code   RO         3554    i.USBD_LL_SetSpeed  usbd_core.o
    0x0800578a   0x0000000e   Code   RO         4032    i.USBD_LL_SetUSBAddress  usbd_conf.o
    0x08005798   0x0000005a   Code   RO         3555    i.USBD_LL_SetupStage  usbd_core.o
    0x080057f2   0x0000000e   Code   RO         4033    i.USBD_LL_StallEP   usbd_conf.o
    0x08005800   0x0000000e   Code   RO         4034    i.USBD_LL_Start     usbd_conf.o
    0x0800580e   0x00000012   Code   RO         3556    i.USBD_LL_Suspend   usbd_core.o
    0x08005820   0x0000000e   Code   RO         4036    i.USBD_LL_Transmit  usbd_conf.o
    0x0800582e   0x00000028   Code   RO         3480    i.USBD_ParseSetupRequest  usbd_ctlreq.o
    0x08005856   0x00000010   Code   RO         3557    i.USBD_RegisterClass  usbd_core.o
    0x08005866   0x00000016   Code   RO         3559    i.USBD_SetClassConfig  usbd_core.o
    0x0800587c   0x00000074   Code   RO         3481    i.USBD_SetConfig    usbd_ctlreq.o
    0x080058f0   0x0000000a   Code   RO         3560    i.USBD_Start        usbd_core.o
    0x080058fa   0x000000f2   Code   RO         3482    i.USBD_StdDevReq    usbd_ctlreq.o
    0x080059ec   0x000000dc   Code   RO         3483    i.USBD_StdEPReq     usbd_ctlreq.o
    0x08005ac8   0x00000034   Code   RO         3484    i.USBD_StdItfReq    usbd_ctlreq.o
    0x08005afc   0x00000080   Code   RO         2852    i.USB_ActivateEndpoint  stm32f4xx_ll_usb.o
    0x08005b7c   0x00000034   Code   RO         2853    i.USB_ActivateSetup  stm32f4xx_ll_usb.o
    0x08005bb0   0x00000064   Code   RO         2855    i.USB_CoreInit      stm32f4xx_ll_usb.o
    0x08005c14   0x00000038   Code   RO         2856    i.USB_CoreReset     stm32f4xx_ll_usb.o
    0x08005c4c   0x0000006e   Code   RO         2858    i.USB_DeactivateEndpoint  stm32f4xx_ll_usb.o
    0x08005cba   0x00000018   Code   RO         2859    i.USB_DevConnect    stm32f4xx_ll_usb.o
    0x08005cd2   0x00000018   Code   RO         2860    i.USB_DevDisconnect  stm32f4xx_ll_usb.o
    0x08005cea   0x00000002   PAD
    0x08005cec   0x00000144   Code   RO         2861    i.USB_DevInit       stm32f4xx_ll_usb.o
    0x08005e30   0x0000000c   Code   RO         2862    i.USB_DisableGlobalInt  stm32f4xx_ll_usb.o
    0x08005e3c   0x00000140   Code   RO         2865    i.USB_EP0StartXfer  stm32f4xx_ll_usb.o
    0x08005f7c   0x0000003e   Code   RO         2866    i.USB_EP0_OutStart  stm32f4xx_ll_usb.o
    0x08005fba   0x00000064   Code   RO         2867    i.USB_EPClearStall  stm32f4xx_ll_usb.o
    0x0800601e   0x0000005e   Code   RO         2868    i.USB_EPSetStall    stm32f4xx_ll_usb.o
    0x0800607c   0x0000021c   Code   RO         2869    i.USB_EPStartXfer   stm32f4xx_ll_usb.o
    0x08006298   0x0000000c   Code   RO         2870    i.USB_EnableGlobalInt  stm32f4xx_ll_usb.o
    0x080062a4   0x00000020   Code   RO         2871    i.USB_FlushRxFifo   stm32f4xx_ll_usb.o
    0x080062c4   0x00000024   Code   RO         2872    i.USB_FlushTxFifo   stm32f4xx_ll_usb.o
    0x080062e8   0x0000003c   Code   RO         2874    i.USB_GetDevSpeed   stm32f4xx_ll_usb.o
    0x08006324   0x00000008   Code   RO         2876    i.USB_GetMode       stm32f4xx_ll_usb.o
    0x0800632c   0x0000000e   Code   RO         2883    i.USB_ReadDevAllInEpInterrupt  stm32f4xx_ll_usb.o
    0x0800633a   0x0000000e   Code   RO         2884    i.USB_ReadDevAllOutEpInterrupt  stm32f4xx_ll_usb.o
    0x08006348   0x0000001e   Code   RO         2885    i.USB_ReadDevInEPInterrupt  stm32f4xx_ll_usb.o
    0x08006366   0x00000010   Code   RO         2886    i.USB_ReadDevOutEPInterrupt  stm32f4xx_ll_usb.o
    0x08006376   0x00000008   Code   RO         2887    i.USB_ReadInterrupts  stm32f4xx_ll_usb.o
    0x0800637e   0x00000020   Code   RO         2888    i.USB_ReadPacket    stm32f4xx_ll_usb.o
    0x0800639e   0x0000002c   Code   RO         2890    i.USB_SetCurrentMode  stm32f4xx_ll_usb.o
    0x080063ca   0x00000022   Code   RO         2891    i.USB_SetDevAddress  stm32f4xx_ll_usb.o
    0x080063ec   0x00000028   Code   RO         2895    i.USB_WritePacket   stm32f4xx_ll_usb.o
    0x08006414   0x00000002   Code   RO         3832    i.UsageFault_Handler  stm32f4xx_it.o
    0x08006416   0x00000002   PAD
    0x08006418   0x00000020   Code   RO         5097    i.__0printf$1       mc_w.l(printf1.o)
    0x08006438   0x0000000e   Code   RO         5391    i.__scatterload_copy  mc_w.l(handlers.o)
    0x08006446   0x00000002   Code   RO         5392    i.__scatterload_null  mc_w.l(handlers.o)
    0x08006448   0x0000000e   Code   RO         5393    i.__scatterload_zeroinit  mc_w.l(handlers.o)
    0x08006456   0x00000002   PAD
    0x08006458   0x00000154   Code   RO         5104    i._printf_core      mc_w.l(printf1.o)
    0x080065ac   0x00000018   Code   RO         3746    i.fputc             usart.o
    0x080065c4   0x00000050   Code   RO         5313    i.free              mc_w.l(malloc.o)
    0x08006614   0x00000118   Code   RO         4275    i.main              main.o
    0x0800672c   0x0000006c   Code   RO         5314    i.malloc            mc_w.l(malloc.o)
    0x08006798   0x0000002c   Code   RO         4276    i.tim121_pwm_setvalue  main.o
    0x080067c4   0x0000002c   Code   RO         4277    i.tim122_pwm_setvalue  main.o
    0x080067f0   0x00000010   Data   RO          351    .constdata          stm32f4xx_hal_rcc.o
    0x08006800   0x00000008   Data   RO         1118    .constdata          stm32f4xx_hal_dma.o
    0x08006808   0x00000014   Data   RO         4825    .constdata          test_imu.o
    0x0800681c   0x00000020   Data   RO         5389    Region$$Table       anon$$obj.o


    Execution Region RW_IRAM1 (Base: 0x20000000, Size: 0x000022b0, Max: 0x00030000, ABSOLUTE, COMPRESSED[0x000000e4])

    Base Addr    Size         Type   Attr      Idx    E Section Name        Object

    0x20000000   0x00000004   Data   RW         2597    .data               stm32f4xx_hal.o
    0x20000004   0x000000db   Data   RW         3361    .data               usbd_cdc.o
    0x200000df   0x00000001   PAD
    0x200000e0   0x00000038   Data   RW         3362    .data               usbd_cdc.o
    0x20000118   0x00000001   Data   RW         3485    .data               usbd_ctlreq.o
    0x20000119   0x00000003   PAD
    0x2000011c   0x0000001c   Data   RW         4206    .data               usbd_desc.o
    0x20000138   0x00000016   Data   RW         4207    .data               usbd_desc.o
    0x2000014e   0x00000002   PAD
    0x20000150   0x00000160   Data   RW         4282    .data               main.o
    0x200002b0   0x00000010   Data   RW         4419    .data               usbd_cdc_if.o
    0x200002c0   0x00000008   Data   RW         4420    .data               usbd_cdc_if.o
    0x200002c8   0x00000004   Data   RW         4495    .data               can.o
    0x200002cc   0x00000004   Data   RW         4716    .data               system_stm32f4xx.o
    0x200002d0   0x00000015   Data   RW         4826    .data               test_imu.o
    0x200002e5   0x00000003   PAD
    0x200002e8   0x0000001e   Data   RW         4950    .data               test_app.o
    0x20000306   0x00000002   PAD
    0x20000308   0x00000004   Data   RW         5365    .data               mc_w.l(stdout.o)
    0x2000030c   0x00000004   Data   RW         5374    .data               mc_w.l(mvars.o)
    0x20000310   0x00000004   Data   RW         5375    .data               mc_w.l(mvars.o)
    0x20000314   0x00000160   Zero   RW         3747    .bss                usart.o
    0x20000474   0x00000024   Zero   RW         3833    .bss                stm32f4xx_it.o
    0x20000498   0x00000224   Zero   RW         3972    .bss                usb_device.o
    0x200006bc   0x000003b8   Zero   RW         4037    .bss                usbd_conf.o
    0x20000a74   0x00000080   Zero   RW         4205    .bss                usbd_desc.o
    0x20000af4   0x00000022   Zero   RW         4278    .bss                main.o
    0x20000b16   0x00000002   PAD
    0x20000b18   0x00000080   Zero   RW         4494    .bss                can.o
    0x20000b98   0x00000058   Zero   RW         4590    .bss                spi.o
    0x20000bf0   0x000001a4   Zero   RW         4639    .bss                tim.o
    0x20000d94   0x00000080   Zero   RW         4755    .bss                test_can.o
    0x20000e14   0x00000064   Zero   RW         4915    .bss                test_uart.o
    0x20000e78   0x00000032   Zero   RW         4916    .bss                test_uart.o
    0x20000eaa   0x00000006   PAD
    0x20000eb0   0x00001000   Zero   RW            2    HEAP                startup_stm32f427xx.o
    0x20001eb0   0x00000400   Zero   RW            1    STACK               startup_stm32f427xx.o


==============================================================================

Image component sizes


      Code (inc. data)   RO Data    RW Data    ZI Data      Debug   Object Name

       368         44          0          4        128       2402   can.o
        44          4          0          0          0        774   dma.o
       340         24          0          0          0       1167   gpio.o
      1946        210          0        352         34      12114   main.o
       148         22          0          0         88       1629   spi.o
        36          8        428          0       5120        840   startup_stm32f427xx.o
       142         22          0          4          0       4235   stm32f4xx_hal.o
      1878         38          0          0          0       7400   stm32f4xx_hal_can.o
       228         14          0          0          0      31857   stm32f4xx_hal_cortex.o
      1094         22          8          0          0       6674   stm32f4xx_hal_dma.o
       496         58          0          0          0       3520   stm32f4xx_hal_gpio.o
        88          0          0          0          0        534   stm32f4xx_hal_msp.o
      2200         72          0          0          0     375849   stm32f4xx_hal_pcd.o
        76          0          0          0          0       1720   stm32f4xx_hal_pcd_ex.o
         0          0          0          0          0     285868   stm32f4xx_hal_pwr.o
      1344         80         16          0          0       5811   stm32f4xx_hal_rcc.o
       782          0          0          0          0       3789   stm32f4xx_hal_spi.o
      1692         88          0          0          0      16072   stm32f4xx_hal_tim.o
       150          0          0          0          0       3138   stm32f4xx_hal_tim_ex.o
      2138         26          0          0          0      13465   stm32f4xx_hal_uart.o
       496        140          0          0         36      11774   stm32f4xx_it.o
      2326         52          0          0          0      19032   stm32f4xx_ll_usb.o
        84         18          0          4          0       1365   system_stm32f4xx.o
         0          0          0         30          0       1756   test_app.o
       370         26          0          0        128       3098   test_can.o
       244         34         20         21          0       3871   test_imu.o
        84         14          0          0        150       1433   test_uart.o
      1488        130          0          0        420       6960   tim.o
       592         88          0          0        352       4296   usart.o
        56         18          0          0        548       2427   usb_device.o
       542         22          0        275          0      16192   usbd_cdc.o
        68         14          0         24          0       2662   usbd_cdc_if.o
       558         16          0          0        952      13050   usbd_conf.o
       626          0          0          0          0      11470   usbd_core.o
       986         30          0          1          0       6896   usbd_ctlreq.o
       212        116          0         50        128       4991   usbd_desc.o
       132          0          0          0          0       4256   usbd_ioreq.o

    ----------------------------------------------------------------------
     24094       1450        504        776       8092     894387   Object Totals
         0          0         32          0          0          0   (incl. Generated)
        40          0          0         11          8          0   (incl. Padding)

    ----------------------------------------------------------------------

      Code (inc. data)   RO Data    RW Data    ZI Data      Debug   Library Member Name

        86          0          0          0          0          0   __dczerorl2.o
         0          0          0          0          0          0   entry.o
         0          0          0          0          0          0   entry10a.o
         0          0          0          0          0          0   entry11a.o
         8          4          0          0          0          0   entry2.o
         4          0          0          0          0          0   entry5.o
         0          0          0          0          0          0   entry7b.o
         0          0          0          0          0          0   entry8b.o
         8          4          0          0          0          0   entry9a.o
        30          0          0          0          0          0   handlers.o
        36          8          0          0          0         68   init.o
         0          0          0          0          0          0   iusefp.o
        30          0          0          0          0         68   llshl.o
        36          0          0          0          0         68   llsshr.o
        32          0          0          0          0         68   llushr.o
       188         20          0          0          0        160   malloc.o
        36          0          0          0          0         68   memcpya.o
         0          0          0          8          0          0   mvars.o
       372         14          0          0          0        184   printf1.o
         0          0          0          4          0          0   stdout.o
        44          0          0          0          0         80   uidiv.o
        56          0          0          0          0         88   d2f.o
       334          0          0          0          0        148   dadd.o
       222          0          0          0          0        100   ddiv.o
       186          0          0          0          0        176   depilogue.o
       228          0          0          0          0         96   dmul.o
        38          0          0          0          0         68   f2d.o
       110          0          0          0          0        168   fepilogue.o

    ----------------------------------------------------------------------
      2086         50          0         12          0       1608   Library Totals
         2          0          0          0          0          0   (incl. Padding)

    ----------------------------------------------------------------------

      Code (inc. data)   RO Data    RW Data    ZI Data      Debug   Library Name

       910         50          0         12          0        764   mc_w.l
      1174          0          0          0          0        844   mf_w.l

    ----------------------------------------------------------------------
      2086         50          0         12          0       1608   Library Totals

    ----------------------------------------------------------------------

==============================================================================


      Code (inc. data)   RO Data    RW Data    ZI Data      Debug   

     26180       1500        504        788       8092     868751   Grand Totals
     26180       1500        504        228       8092     868751   ELF Image Totals (compressed)
     26180       1500        504        228          0          0   ROM Totals

==============================================================================

    Total RO  Size (Code + RO Data)                26684 (  26.06kB)
    Total RW  Size (RW Data + ZI Data)              8880 (   8.67kB)
    Total ROM Size (Code + RO Data + RW Data)      26912 (  26.28kB)

==============================================================================

